[debug] [2026-08-19T18:48:58.917Z] ----------------------------------------------------------------------
[debug] [2026-08-19T18:48:58.918Z] Command:       /usr/local/bin/firebase /home/oem/.cache/firebase/tools/lib/node_modules/firebase-tools/lib/bin/firebase deploy --only functions --project trials-of-venus
[debug] [2026-08-19T18:48:58.919Z] CLI Version:   14.15.1
[debug] [2026-08-19T18:48:58.919Z] Platform:      linux
[debug] [2026-08-19T18:48:58.919Z] Node Version:  v20.18.2
[debug] [2026-08-19T18:48:58.919Z] Time:          Wed Aug 19 2026 14:48:58 GMT-0400 (Eastern Daylight Time)
[debug] [2026-08-19T18:48:58.919Z] ----------------------------------------------------------------------
[debug] 
[debug] [2026-08-19T18:48:59.112Z] > command requires scopes: ["email","openid","https://www.googleapis.com/auth/cloudplatformprojects.readonly","https://www.googleapis.com/auth/firebase","https://www.googleapis.com/auth/cloud-platform"]
[debug] [2026-08-19T18:48:59.112Z] > authorizing via signed-in user (gosaadmakhal@gmail.com)
[debug] [2026-08-19T18:48:59.112Z] [iam] checking project trials-of-venus for permissions ["cloudfunctions.functions.create","cloudfunctions.functions.delete","cloudfunctions.functions.get","cloudfunctions.functions.list","cloudfunctions.functions.update","cloudfunctions.operations.get","firebase.projects.get"]
[debug] [2026-08-19T18:48:59.113Z] Checked if tokens are valid: true, expires at: 1787168503957
[debug] [2026-08-19T18:48:59.113Z] Checked if tokens are valid: true, expires at: 1787168503957
[debug] [2026-08-19T18:48:59.114Z] >>> [apiv2][query] POST https://cloudresourcemanager.googleapis.com/v1/projects/trials-of-venus:testIamPermissions [none]
[debug] [2026-08-19T18:48:59.114Z] >>> [apiv2][(partial)header] POST https://cloudresourcemanager.googleapis.com/v1/projects/trials-of-venus:testIamPermissions x-goog-quota-user=projects/trials-of-venus
[debug] [2026-08-19T18:48:59.114Z] >>> [apiv2][body] POST https://cloudresourcemanager.googleapis.com/v1/projects/trials-of-venus:testIamPermissions {"permissions":["cloudfunctions.functions.create","cloudfunctions.functions.delete","cloudfunctions.functions.get","cloudfunctions.functions.list","cloudfunctions.functions.update","cloudfunctions.operations.get","firebase.projects.get"]}
[debug] [2026-08-19T18:48:59.244Z] <<< [apiv2][status] POST https://cloudresourcemanager.googleapis.com/v1/projects/trials-of-venus:testIamPermissions 200
[debug] [2026-08-19T18:48:59.245Z] <<< [apiv2][body] POST https://cloudresourcemanager.googleapis.com/v1/projects/trials-of-venus:testIamPermissions {"permissions":["cloudfunctions.functions.create","cloudfunctions.functions.delete","cloudfunctions.functions.get","cloudfunctions.functions.list","cloudfunctions.functions.update","cloudfunctions.operations.get","firebase.projects.get"]}
[debug] [2026-08-19T18:48:59.246Z] Checked if tokens are valid: true, expires at: 1787168503957
[debug] [2026-08-19T18:48:59.247Z] Checked if tokens are valid: true, expires at: 1787168503957
[debug] [2026-08-19T18:48:59.247Z] >>> [apiv2][query] POST https://iam.googleapis.com/v1/projects/trials-of-venus/serviceAccounts/trials-of-venus@appspot.gserviceaccount.com:testIamPermissions [none]
[debug] [2026-08-19T18:48:59.247Z] >>> [apiv2][body] POST https://iam.googleapis.com/v1/projects/trials-of-venus/serviceAccounts/trials-of-venus@appspot.gserviceaccount.com:testIamPermissions {"permissions":["iam.serviceAccounts.actAs"]}
[debug] [2026-08-19T18:48:59.341Z] <<< [apiv2][status] POST https://iam.googleapis.com/v1/projects/trials-of-venus/serviceAccounts/trials-of-venus@appspot.gserviceaccount.com:testIamPermissions 200
[debug] [2026-08-19T18:48:59.342Z] <<< [apiv2][body] POST https://iam.googleapis.com/v1/projects/trials-of-venus/serviceAccounts/trials-of-venus@appspot.gserviceaccount.com:testIamPermissions {"permissions":["iam.serviceAccounts.actAs"]}
[info] 
[info] === Deploying to 'trials-of-venus'...
[info] 
[info] i  deploying functions 
[debug] [2026-08-19T18:48:59.352Z] Checked if tokens are valid: true, expires at: 1787168503957
[debug] [2026-08-19T18:48:59.352Z] Checked if tokens are valid: true, expires at: 1787168503957
[debug] [2026-08-19T18:48:59.353Z] >>> [apiv2][query] GET https://cloudresourcemanager.googleapis.com/v1/projects/trials-of-venus [none]
[debug] [2026-08-19T18:48:59.427Z] <<< [apiv2][status] GET https://cloudresourcemanager.googleapis.com/v1/projects/trials-of-venus 200
[debug] [2026-08-19T18:48:59.428Z] <<< [apiv2][body] GET https://cloudresourcemanager.googleapis.com/v1/projects/trials-of-venus {"projectNumber":"460631177881","projectId":"trials-of-venus","lifecycleState":"ACTIVE","name":"trials of venus","labels":{"firebase":"enabled","firebase-core":"disabled"},"createTime":"2025-03-14T08:27:43.565733Z"}
[info] i  functions: preparing codebase new-functions for deployment 
[info] i  functions: ensuring required API cloudfunctions.googleapis.com is enabled... 
[info] i  functions: ensuring required API cloudbuild.googleapis.com is enabled... 
[info] i  artifactregistry: ensuring required API artifactregistry.googleapis.com is enabled... 
[debug] [2026-08-19T18:48:59.434Z] Checked if tokens are valid: true, expires at: 1787168503957
[debug] [2026-08-19T18:48:59.434Z] Checked if tokens are valid: true, expires at: 1787168503957
[debug] [2026-08-19T18:48:59.435Z] >>> [apiv2][query] GET https://firebase.googleapis.com/v1beta1/projects/trials-of-venus/adminSdkConfig [none]
[debug] [2026-08-19T18:48:59.699Z] <<< [apiv2][status] GET https://firebase.googleapis.com/v1beta1/projects/trials-of-venus/adminSdkConfig 200
[debug] [2026-08-19T18:48:59.699Z] <<< [apiv2][body] GET https://firebase.googleapis.com/v1beta1/projects/trials-of-venus/adminSdkConfig {"projectId":"trials-of-venus","storageBucket":"trials-of-venus.firebasestorage.app"}
[debug] [2026-08-19T18:48:59.701Z] Checked if tokens are valid: true, expires at: 1787168503957
[debug] [2026-08-19T18:48:59.701Z] Checked if tokens are valid: true, expires at: 1787168503957
[debug] [2026-08-19T18:48:59.701Z] >>> [apiv2][query] GET https://runtimeconfig.googleapis.com/v1beta1/projects/trials-of-venus/configs [none]
[debug] [2026-08-19T18:48:59.851Z] <<< [apiv2][status] GET https://runtimeconfig.googleapis.com/v1beta1/projects/trials-of-venus/configs 200
[debug] [2026-08-19T18:48:59.851Z] <<< [apiv2][body] GET https://runtimeconfig.googleapis.com/v1beta1/projects/trials-of-venus/configs {}
[debug] [2026-08-19T18:48:59.853Z] Validating nodejs source
[warn] ⚠  functions: package.json indicates an outdated version of firebase-functions. Please upgrade using npm install --save firebase-functions@latest in your functions directory. 
[warn] ⚠  functions: Please note that there will be breaking changes when you upgrade. 
[debug] [2026-08-19T18:49:00.304Z] > [functions] package.json contents: {
  "name": "functions",
  "description": "Cloud Functions for Firebase",
  "scripts": {
    "serve": "firebase emulators:start --only functions",
    "shell": "firebase functions:shell",
    "start": "npm run shell",
    "deploy": "firebase deploy --only functions",
    "logs": "firebase functions:log"
  },
  "engines": {
    "node": "22"
  },
  "main": "index.js",
  "dependencies": {
    "firebase-admin": "^12.6.0",
    "firebase-functions": "^6.0.1"
  },
  "devDependencies": {
    "firebase-functions-test": "^3.1.0"
  },
  "private": true
}
[debug] [2026-08-19T18:49:00.304Z] Building nodejs source
[info] i  functions: Loading and analyzing source code for codebase new-functions to determine what to deploy 
[debug] [2026-08-19T18:49:00.306Z] Could not find functions.yaml. Must use http discovery
[debug] [2026-08-19T18:49:00.309Z] Found firebase-functions binary at '/home/oem/code/ramroutes-mobile/functions/node_modules/.bin/firebase-functions'
[info] Serving at port 8135

[debug] [2026-08-19T18:49:00.781Z] Got response from /__/functions.yaml {"endpoints":{"notifyEventImportBatch":{"availableMemoryMb":null,"timeoutSeconds":null,"minInstances":null,"maxInstances":10,"ingressSettings":null,"concurrency":null,"serviceAccountEmail":null,"vpc":null,"platform":"gcfv2","labels":{},"eventTrigger":{"eventType":"google.cloud.firestore.document.v1.created","eventFilters":{"database":"(default)","namespace":"(default)"},"eventFilterPathPatterns":{"document":"event-import-batches/{batchId}"},"retry":false},"entryPoint":"notifyEventImportBatch"},"recomputeRecommendationsOnProfileChange":{"availableMemoryMb":null,"timeoutSeconds":null,"minInstances":null,"maxInstances":10,"ingressSettings":null,"concurrency":null,"serviceAccountEmail":null,"vpc":null,"platform":"gcfv2","labels":{},"eventTrigger":{"eventType":"google.cloud.firestore.document.v1.updated","eventFilters":{"database":"(default)","namespace":"(default)"},"eventFilterPathPatterns":{"document":"users/{userId}"},"retry":false},"entryPoint":"recomputeRecommendationsOnProfileChange"},"notifyRecommendationsUpdated":{"availableMemoryMb":null,"timeoutSeconds":null,"minInstances":null,"maxInstances":10,"ingressSettings":null,"concurrency":null,"serviceAccountEmail":null,"vpc":null,"platform":"gcfv2","labels":{},"eventTrigger":{"eventType":"google.cloud.firestore.document.v1.updated","eventFilters":{"database":"(default)","namespace":"(default)"},"eventFilterPathPatterns":{"document":"users/{userId}"},"retry":false},"entryPoint":"notifyRecommendationsUpdated"},"scoutReply":{"availableMemoryMb":null,"timeoutSeconds":null,"minInstances":null,"maxInstances":10,"ingressSettings":null,"concurrency":null,"serviceAccountEmail":null,"vpc":null,"platform":"gcfv2","labels":{},"callableTrigger":{},"entryPoint":"scoutReply"}},"specVersion":"v1alpha1","requiredAPIs":[],"extensions":{}}
[info] i  extensions: ensuring required API firebaseextensions.googleapis.com is enabled... 
[debug] [2026-08-19T18:49:04.848Z] > command requires scopes: ["email","openid","https://www.googleapis.com/auth/cloudplatformprojects.readonly","https://www.googleapis.com/auth/firebase","https://www.googleapis.com/auth/cloud-platform"]
[debug] [2026-08-19T18:49:04.848Z] > authorizing via signed-in user (gosaadmakhal@gmail.com)
[debug] [2026-08-19T18:49:04.849Z] [iam] checking project trials-of-venus for permissions ["firebase.projects.get","firebaseextensions.instances.list"]
[debug] [2026-08-19T18:49:04.849Z] Checked if tokens are valid: true, expires at: 1787168503957
[debug] [2026-08-19T18:49:04.849Z] Checked if tokens are valid: true, expires at: 1787168503957
[debug] [2026-08-19T18:49:04.850Z] >>> [apiv2][query] POST https://cloudresourcemanager.googleapis.com/v1/projects/trials-of-venus:testIamPermissions [none]
[debug] [2026-08-19T18:49:04.850Z] >>> [apiv2][(partial)header] POST https://cloudresourcemanager.googleapis.com/v1/projects/trials-of-venus:testIamPermissions x-goog-quota-user=projects/trials-of-venus
[debug] [2026-08-19T18:49:04.850Z] >>> [apiv2][body] POST https://cloudresourcemanager.googleapis.com/v1/projects/trials-of-venus:testIamPermissions {"permissions":["firebase.projects.get","firebaseextensions.instances.list"]}
[debug] [2026-08-19T18:49:04.916Z] <<< [apiv2][status] POST https://cloudresourcemanager.googleapis.com/v1/projects/trials-of-venus:testIamPermissions 200
[debug] [2026-08-19T18:49:04.916Z] <<< [apiv2][body] POST https://cloudresourcemanager.googleapis.com/v1/projects/trials-of-venus:testIamPermissions {"permissions":["firebase.projects.get","firebaseextensions.instances.list"]}
[debug] [2026-08-19T18:49:04.916Z] Checked if tokens are valid: true, expires at: 1787168503957
[debug] [2026-08-19T18:49:04.916Z] Checked if tokens are valid: true, expires at: 1787168503957
[debug] [2026-08-19T18:49:04.917Z] >>> [apiv2][query] GET https://firebaseextensions.googleapis.com/v1beta/projects/trials-of-venus/instances pageSize=100&pageToken=
[debug] [2026-08-19T18:49:05.172Z] <<< [apiv2][status] GET https://firebaseextensions.googleapis.com/v1beta/projects/trials-of-venus/instances 200
[debug] [2026-08-19T18:49:05.172Z] <<< [apiv2][body] GET https://firebaseextensions.googleapis.com/v1beta/projects/trials-of-venus/instances {}
[info] i  functions: Loaded environment variables from .env. 
[info] i  functions: preparing . directory for uploading... 
[info] i  functions: packaged /home/oem/code/ramroutes-mobile/functions (77.92 KB) for uploading 
[debug] [2026-08-19T18:49:05.233Z] Checked if tokens are valid: true, expires at: 1787168503957
[debug] [2026-08-19T18:49:05.233Z] Checked if tokens are valid: true, expires at: 1787168503957
[debug] [2026-08-19T18:49:05.233Z] >>> [apiv2][query] GET https://cloudfunctions.googleapis.com/v1/projects/trials-of-venus/locations/-/functions [none]
[debug] [2026-08-19T18:49:05.726Z] <<< [apiv2][status] GET https://cloudfunctions.googleapis.com/v1/projects/trials-of-venus/locations/-/functions 200
[debug] [2026-08-19T18:49:05.726Z] <<< [apiv2][body] GET https://cloudfunctions.googleapis.com/v1/projects/trials-of-venus/locations/-/functions {}
[debug] [2026-08-19T18:49:05.727Z] Checked if tokens are valid: true, expires at: 1787168503957
[debug] [2026-08-19T18:49:05.728Z] Checked if tokens are valid: true, expires at: 1787168503957
[debug] [2026-08-19T18:49:05.728Z] >>> [apiv2][query] GET https://cloudfunctions.googleapis.com/v2/projects/trials-of-venus/locations/-/functions filter=environment%3D%22GEN_2%22
[debug] [2026-08-19T18:49:06.145Z] <<< [apiv2][status] GET https://cloudfunctions.googleapis.com/v2/projects/trials-of-venus/locations/-/functions 200
[debug] [2026-08-19T18:49:06.146Z] <<< [apiv2][body] GET https://cloudfunctions.googleapis.com/v2/projects/trials-of-venus/locations/-/functions {"functions":[{"name":"projects/trials-of-venus/locations/us-central1/functions/recomputeRecommendationsOnProfileChange","buildConfig":{"build":"projects/460631177881/locations/us-central1/builds/10ae91be-52c6-4f1d-bead-a1c15f52fea1","runtime":"nodejs22","entryPoint":"recomputeRecommendationsOnProfileChange","source":{"storageSource":{"bucket":"gcf-v2-sources-460631177881-us-central1","object":"recomputeRecommendationsOnProfileChange/function-source.zip","generation":"1787164952208243"}},"environmentVariables":{"GOOGLE_NODE_RUN_SCRIPTS":""},"dockerRepository":"projects/trials-of-venus/locations/us-central1/repositories/gcf-artifacts","sourceProvenance":{"resolvedStorageSource":{"bucket":"gcf-v2-sources-460631177881-us-central1","object":"recomputeRecommendationsOnProfileChange/function-source.zip","generation":"1787164952208243"}},"dockerRegistry":"ARTIFACT_REGISTRY","serviceAccount":"projects/trials-of-venus/serviceAccounts/460631177881-compute@developer.gserviceaccount.com","automaticUpdatePolicy":{}},"serviceConfig":{"service":"projects/trials-of-venus/locations/us-central1/services/recomputerecommendationsonprofilechange","timeoutSeconds":60,"environmentVariables":{"OPENROUTER_API_KEY":"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","FIREBASE_CONFIG":"{\"projectId\":\"trials-of-venus\",\"storageBucket\":\"trials-of-venus.firebasestorage.app\"}","GCLOUD_PROJECT":"trials-of-venus","EVENTARC_CLOUD_EVENT_SOURCE":"projects/trials-of-venus/locations/us-central1/services/recomputeRecommendationsOnProfileChange","FUNCTION_SIGNATURE_TYPE":"cloudevent","FUNCTION_TARGET":"recomputeRecommendationsOnProfileChange","LOG_EXECUTION_ID":"true"},"maxInstanceCount":10,"ingressSettings":"ALLOW_ALL","uri":"https://recomputerecommendationsonprofilechange-mnj4u5xeaq-uc.a.run.app","serviceAccountEmail":"460631177881-compute@developer.gserviceaccount.com","availableMemory":"256Mi","allTrafficOnLatestRevision":true,"revision":"recomputerecommendationsonprofilechange-00011-hir","maxInstanceRequestConcurrency":80,"availableCpu":"1"},"eventTrigger":{"trigger":"projects/trials-of-venus/locations/nam5/triggers/recomputerecommendationsonprofilechange-322845","triggerRegion":"nam5","eventType":"google.cloud.firestore.document.v1.updated","eventFilters":[{"attribute":"database","value":"(default)"},{"attribute":"namespace","value":"(default)"},{"attribute":"document","value":"users/{userId}","operator":"match-path-pattern"}],"pubsubTopic":"projects/trials-of-venus/topics/eventarc-nam5-recomputerecommendationsonprofilechange-322845-658","serviceAccountEmail":"460631177881-compute@developer.gserviceaccount.com","retryPolicy":"RETRY_POLICY_DO_NOT_RETRY"},"state":"ACTIVE","updateTime":"2026-08-19T18:43:00.085945223Z","labels":{"deployment-tool":"cli-firebase","firebase-functions-codebase":"new-functions","firebase-functions-hash":"2690d21f6c223773c440130fbc55672de8d02b14"},"environment":"GEN_2","url":"https://us-central1-trials-of-venus.cloudfunctions.net/recomputeRecommendationsOnProfileChange","createTime":"2026-08-17T17:42:28.084821426Z","satisfiesPzi":true},{"name":"projects/trials-of-venus/locations/us-central1/functions/scoutReply","buildConfig":{"build":"projects/460631177881/locations/us-central1/builds/10ae91be-52c6-4f1d-bead-a1c15f52fea1","runtime":"nodejs22","entryPoint":"scoutReply","source":{"storageSource":{"bucket":"gcf-v2-sources-460631177881-us-central1","object":"scoutReply/function-source.zip","generation":"1787164952139969"}},"environmentVariables":{"GOOGLE_NODE_RUN_SCRIPTS":""},"dockerRepository":"projects/trials-of-venus/locations/us-central1/repositories/gcf-artifacts","sourceProvenance":{"resolvedStorageSource":{"bucket":"gcf-v2-sources-460631177881-us-central1","object":"scoutReply/function-source.zip","generation":"1787164952139969"}},"dockerRegistry":"ARTIFACT_REGISTRY","serviceAccount":"projects/trials-of-venus/serviceAccounts/460631177881-compute@developer.gserviceaccount.com","automaticUpdatePolicy":{}},"serviceConfig":{"service":"projects/trials-of-venus/locations/us-central1/services/scoutreply","timeoutSeconds":60,"environmentVariables":{"OPENROUTER_API_KEY":"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","FIREBASE_CONFIG":"{\"projectId\":\"trials-of-venus\",\"storageBucket\":\"trials-of-venus.firebasestorage.app\"}","GCLOUD_PROJECT":"trials-of-venus","EVENTARC_CLOUD_EVENT_SOURCE":"projects/trials-of-venus/locations/us-central1/services/scoutReply","FUNCTION_TARGET":"scoutReply","LOG_EXECUTION_ID":"true","FUNCTION_SIGNATURE_TYPE":"http"},"maxInstanceCount":10,"ingressSettings":"ALLOW_ALL","uri":"https://scoutreply-mnj4u5xeaq-uc.a.run.app","serviceAccountEmail":"460631177881-compute@developer.gserviceaccount.com","availableMemory":"256Mi","allTrafficOnLatestRevision":true,"revision":"scoutreply-00004-gob","maxInstanceRequestConcurrency":80,"availableCpu":"1"},"state":"ACTIVE","updateTime":"2026-08-19T18:43:00.792447158Z","labels":{"deployment-tool":"cli-firebase","deployment-callable":"true","firebase-functions-codebase":"new-functions","firebase-functions-hash":"2690d21f6c223773c440130fbc55672de8d02b14"},"environment":"GEN_2","url":"https://us-central1-trials-of-venus.cloudfunctions.net/scoutReply","createTime":"2026-08-19T17:03:37.301570150Z","satisfiesPzi":true},{"name":"projects/trials-of-venus/locations/us-central1/functions/notifyRecommendationsUpdated","buildConfig":{"build":"projects/460631177881/locations/us-central1/builds/10ae91be-52c6-4f1d-bead-a1c15f52fea1","runtime":"nodejs22","entryPoint":"notifyRecommendationsUpdated","source":{"storageSource":{"bucket":"gcf-v2-sources-460631177881-us-central1","object":"notifyRecommendationsUpdated/function-source.zip","generation":"1787164952293140"}},"environmentVariables":{"GOOGLE_NODE_RUN_SCRIPTS":""},"dockerRepository":"projects/trials-of-venus/locations/us-central1/repositories/gcf-artifacts","sourceProvenance":{"resolvedStorageSource":{"bucket":"gcf-v2-sources-460631177881-us-central1","object":"notifyRecommendationsUpdated/function-source.zip","generation":"1787164952293140"}},"dockerRegistry":"ARTIFACT_REGISTRY","serviceAccount":"projects/trials-of-venus/serviceAccounts/460631177881-compute@developer.gserviceaccount.com","automaticUpdatePolicy":{}},"serviceConfig":{"service":"projects/trials-of-venus/locations/us-central1/services/notifyrecommendationsupdated","timeoutSeconds":60,"environmentVariables":{"OPENROUTER_API_KEY":"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","FIREBASE_CONFIG":"{\"projectId\":\"trials-of-venus\",\"storageBucket\":\"trials-of-venus.firebasestorage.app\"}","GCLOUD_PROJECT":"trials-of-venus","EVENTARC_CLOUD_EVENT_SOURCE":"projects/trials-of-venus/locations/us-central1/services/notifyRecommendationsUpdated","FUNCTION_SIGNATURE_TYPE":"cloudevent","FUNCTION_TARGET":"notifyRecommendationsUpdated","LOG_EXECUTION_ID":"true"},"maxInstanceCount":10,"ingressSettings":"ALLOW_ALL","uri":"https://notifyrecommendationsupdated-mnj4u5xeaq-uc.a.run.app","serviceAccountEmail":"460631177881-compute@developer.gserviceaccount.com","availableMemory":"256Mi","allTrafficOnLatestRevision":true,"revision":"notifyrecommendationsupdated-00005-rop","maxInstanceRequestConcurrency":80,"availableCpu":"1"},"eventTrigger":{"trigger":"projects/trials-of-venus/locations/nam5/triggers/notifyrecommendationsupdated-111059","triggerRegion":"nam5","eventType":"google.cloud.firestore.document.v1.updated","eventFilters":[{"attribute":"database","value":"(default)"},{"attribute":"namespace","value":"(default)"},{"attribute":"document","value":"users/{userId}","operator":"match-path-pattern"}],"pubsubTopic":"projects/trials-of-venus/topics/eventarc-nam5-notifyrecommendationsupdated-111059-250","serviceAccountEmail":"460631177881-compute@developer.gserviceaccount.com","retryPolicy":"RETRY_POLICY_DO_NOT_RETRY"},"state":"ACTIVE","updateTime":"2026-08-19T18:42:39.393375119Z","labels":{"firebase-functions-codebase":"new-functions","firebase-functions-hash":"2690d21f6c223773c440130fbc55672de8d02b14","deployment-tool":"cli-firebase"},"environment":"GEN_2","url":"https://us-central1-trials-of-venus.cloudfunctions.net/notifyRecommendationsUpdated","createTime":"2026-08-18T23:33:49.262425511Z","satisfiesPzi":true},{"name":"projects/trials-of-venus/locations/us-central1/functions/notifyEventImportBatch","buildConfig":{"build":"projects/460631177881/locations/us-central1/builds/10ae91be-52c6-4f1d-bead-a1c15f52fea1","runtime":"nodejs22","entryPoint":"notifyEventImportBatch","source":{"storageSource":{"bucket":"gcf-v2-sources-460631177881-us-central1","object":"notifyEventImportBatch/function-source.zip","generation":"1787164914647204"}},"environmentVariables":{"GOOGLE_NODE_RUN_SCRIPTS":""},"dockerRepository":"projects/trials-of-venus/locations/us-central1/repositories/gcf-artifacts","sourceProvenance":{"resolvedStorageSource":{"bucket":"gcf-v2-sources-460631177881-us-central1","object":"notifyEventImportBatch/function-source.zip","generation":"1787164914647204"}},"dockerRegistry":"ARTIFACT_REGISTRY","serviceAccount":"projects/trials-of-venus/serviceAccounts/460631177881-compute@developer.gserviceaccount.com","automaticUpdatePolicy":{}},"serviceConfig":{"service":"projects/trials-of-venus/locations/us-central1/services/notifyeventimportbatch","timeoutSeconds":60,"environmentVariables":{"OPENROUTER_API_KEY":"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","FIREBASE_CONFIG":"{\"projectId\":\"trials-of-venus\",\"storageBucket\":\"trials-of-venus.firebasestorage.app\"}","GCLOUD_PROJECT":"trials-of-venus","EVENTARC_CLOUD_EVENT_SOURCE":"projects/trials-of-venus/locations/us-central1/services/notifyEventImportBatch","FUNCTION_SIGNATURE_TYPE":"cloudevent","FUNCTION_TARGET":"notifyEventImportBatch","LOG_EXECUTION_ID":"true"},"maxInstanceCount":10,"ingressSettings":"ALLOW_ALL","uri":"https://notifyeventimportbatch-mnj4u5xeaq-uc.a.run.app","serviceAccountEmail":"460631177881-compute@developer.gserviceaccount.com","availableMemory":"256Mi","allTrafficOnLatestRevision":true,"revision":"notifyeventimportbatch-00010-dok","maxInstanceRequestConcurrency":80,"availableCpu":"1"},"eventTrigger":{"trigger":"projects/trials-of-venus/locations/nam5/triggers/notifyeventimportbatch-660719","triggerRegion":"nam5","eventType":"google.cloud.firestore.document.v1.created","eventFilters":[{"attribute":"database","value":"(default)"},{"attribute":"namespace","value":"(default)"},{"attribute":"document","value":"event-import-batches/{batchId}","operator":"match-path-pattern"}],"pubsubTopic":"projects/trials-of-venus/topics/eventarc-nam5-notifyeventimportbatch-660719-856","serviceAccountEmail":"460631177881-compute@developer.gserviceaccount.com","retryPolicy":"RETRY_POLICY_DO_NOT_RETRY"},"state":"ACTIVE","updateTime":"2026-08-19T18:43:00.967178073Z","labels":{"firebase-functions-hash":"2690d21f6c223773c440130fbc55672de8d02b14","deployment-tool":"cli-firebase","firebase-functions-codebase":"new-functions"},"environment":"GEN_2","url":"https://us-central1-trials-of-venus.cloudfunctions.net/notifyEventImportBatch","createTime":"2026-08-16T06:11:28.161821248Z","satisfiesPzi":true}]}
[debug] [2026-08-19T18:49:06.153Z] Checked if tokens are valid: true, expires at: 1787168503957
[debug] [2026-08-19T18:49:06.153Z] Checked if tokens are valid: true, expires at: 1787168503957
[debug] [2026-08-19T18:49:06.154Z] >>> [apiv2][query] GET https://firestore.googleapis.com/v1/projects/trials-of-venus/databases/(default) [none]
[debug] [2026-08-19T18:49:06.428Z] <<< [apiv2][status] GET https://firestore.googleapis.com/v1/projects/trials-of-venus/databases/(default) 200
[debug] [2026-08-19T18:49:06.428Z] <<< [apiv2][body] GET https://firestore.googleapis.com/v1/projects/trials-of-venus/databases/(default) {"name":"projects/trials-of-venus/databases/(default)","uid":"3eb1f5ec-9815-469d-8c1a-ba81e2a58921","createTime":"2025-04-24T00:36:38.119973Z","updateTime":"2025-04-24T00:36:38.119973Z","locationId":"nam5","type":"FIRESTORE_NATIVE","concurrencyMode":"PESSIMISTIC","versionRetentionPeriod":"3600s","earliestVersionTime":"2026-08-19T17:49:06.407179Z","appEngineIntegrationMode":"DISABLED","keyPrefix":"s","pointInTimeRecoveryEnablement":"POINT_IN_TIME_RECOVERY_DISABLED","deleteProtectionState":"DELETE_PROTECTION_DISABLED","databaseEdition":"STANDARD","freeTier":true,"realtimeUpdatesMode":"REALTIME_UPDATES_MODE_ENABLED","etag":"IMnBgt2trZYDMK6H8vem5pID"}
[info] i  functions: ensuring required API run.googleapis.com is enabled... 
[info] i  functions: ensuring required API eventarc.googleapis.com is enabled... 
[info] i  functions: ensuring required API pubsub.googleapis.com is enabled... 
[info] i  functions: ensuring required API storage.googleapis.com is enabled... 
[info] i  functions: generating the service identity for pubsub.googleapis.com... 
[debug] [2026-08-19T18:49:06.436Z] Checked if tokens are valid: true, expires at: 1787168503957
[debug] [2026-08-19T18:49:06.436Z] Checked if tokens are valid: true, expires at: 1787168503957
[info] i  functions: generating the service identity for eventarc.googleapis.com... 
[debug] [2026-08-19T18:49:06.437Z] Checked if tokens are valid: true, expires at: 1787168503957
[debug] [2026-08-19T18:49:06.437Z] Checked if tokens are valid: true, expires at: 1787168503957
[debug] [2026-08-19T18:49:06.437Z] >>> [apiv2][query] POST https://serviceusage.googleapis.com/v1beta1/projects/460631177881/services/pubsub.googleapis.com:generateServiceIdentity [none]
[debug] [2026-08-19T18:49:06.438Z] >>> [apiv2][(partial)header] POST https://serviceusage.googleapis.com/v1beta1/projects/460631177881/services/pubsub.googleapis.com:generateServiceIdentity x-goog-quota-user=projects/460631177881
[debug] [2026-08-19T18:49:06.438Z] >>> [apiv2][body] POST https://serviceusage.googleapis.com/v1beta1/projects/460631177881/services/pubsub.googleapis.com:generateServiceIdentity {}
[debug] [2026-08-19T18:49:06.442Z] >>> [apiv2][query] POST https://serviceusage.googleapis.com/v1beta1/projects/460631177881/services/eventarc.googleapis.com:generateServiceIdentity [none]
[debug] [2026-08-19T18:49:06.442Z] >>> [apiv2][(partial)header] POST https://serviceusage.googleapis.com/v1beta1/projects/460631177881/services/eventarc.googleapis.com:generateServiceIdentity x-goog-quota-user=projects/460631177881
[debug] [2026-08-19T18:49:06.442Z] >>> [apiv2][body] POST https://serviceusage.googleapis.com/v1beta1/projects/460631177881/services/eventarc.googleapis.com:generateServiceIdentity {}
[debug] [2026-08-19T18:49:06.763Z] <<< [apiv2][status] POST https://serviceusage.googleapis.com/v1beta1/projects/460631177881/services/eventarc.googleapis.com:generateServiceIdentity 200
[debug] [2026-08-19T18:49:06.764Z] <<< [apiv2][body] POST https://serviceusage.googleapis.com/v1beta1/projects/460631177881/services/eventarc.googleapis.com:generateServiceIdentity {"name":"operations/finished.DONE_OPERATION","done":true,"response":{"@type":"type.googleapis.com/google.api.serviceusage.v1beta1.ServiceIdentity","email":"service-460631177881@gcp-sa-eventarc.iam.gserviceaccount.com","uniqueId":"117567288349254658027"}}
[debug] [2026-08-19T18:49:06.775Z] <<< [apiv2][status] POST https://serviceusage.googleapis.com/v1beta1/projects/460631177881/services/pubsub.googleapis.com:generateServiceIdentity 200
[debug] [2026-08-19T18:49:06.776Z] <<< [apiv2][body] POST https://serviceusage.googleapis.com/v1beta1/projects/460631177881/services/pubsub.googleapis.com:generateServiceIdentity {"name":"operations/finished.DONE_OPERATION","done":true,"response":{"@type":"type.googleapis.com/google.api.serviceusage.v1beta1.ServiceIdentity","email":"service-460631177881@gcp-sa-pubsub.iam.gserviceaccount.com","uniqueId":"114557485346672796374"}}
[debug] [2026-08-19T18:49:06.780Z] Checked if tokens are valid: true, expires at: 1787168503957
[debug] [2026-08-19T18:49:06.780Z] Checked if tokens are valid: true, expires at: 1787168503957
[debug] [2026-08-19T18:49:06.780Z] >>> [apiv2][query] GET https://cloudresourcemanager.googleapis.com/v1/projects/trials-of-venus [none]
[debug] [2026-08-19T18:49:06.883Z] <<< [apiv2][status] GET https://cloudresourcemanager.googleapis.com/v1/projects/trials-of-venus 200
[debug] [2026-08-19T18:49:06.884Z] <<< [apiv2][body] GET https://cloudresourcemanager.googleapis.com/v1/projects/trials-of-venus {"projectNumber":"460631177881","projectId":"trials-of-venus","lifecycleState":"ACTIVE","name":"trials of venus","labels":{"firebase":"enabled","firebase-core":"disabled"},"createTime":"2025-03-14T08:27:43.565733Z"}
[debug] [2026-08-19T18:49:06.885Z] Checked if tokens are valid: true, expires at: 1787168503957
[debug] [2026-08-19T18:49:06.885Z] Checked if tokens are valid: true, expires at: 1787168503957
[debug] [2026-08-19T18:49:06.886Z] >>> [apiv2][query] GET https://compute.googleapis.com/compute/v1/projects/460631177881 [none]
[debug] [2026-08-19T18:49:06.991Z] <<< [apiv2][status] GET https://compute.googleapis.com/compute/v1/projects/460631177881 403
[debug] [2026-08-19T18:49:06.992Z] <<< [apiv2][body] GET https://compute.googleapis.com/compute/v1/projects/460631177881 {"error":{"code":403,"message":"Compute Engine API has not been used in project 460631177881 before or it is disabled. Enable it by visiting https://console.developers.google.com/apis/api/compute.googleapis.com/overview?project=460631177881 then retry. If you enabled this API recently, wait a few minutes for the action to propagate to our systems and retry.","errors":[{"message":"Compute Engine API has not been used in project 460631177881 before or it is disabled. Enable it by visiting https://console.developers.google.com/apis/api/compute.googleapis.com/overview?project=460631177881 then retry. If you enabled this API recently, wait a few minutes for the action to propagate to our systems and retry.","domain":"usageLimits","reason":"accessNotConfigured","extendedHelp":"https://console.developers.google.com"}],"status":"PERMISSION_DENIED","details":[{"@type":"type.googleapis.com/google.rpc.ErrorInfo","reason":"SERVICE_DISABLED","domain":"googleapis.com","metadata":{"consumer":"projects/460631177881","serviceTitle":"Compute Engine API","activationUrl":"https://console.developers.google.com/apis/api/compute.googleapis.com/overview?project=460631177881","service":"compute.googleapis.com","containerInfo":"460631177881"}},{"@type":"type.googleapis.com/google.rpc.LocalizedMessage","locale":"en-US","message":"Compute Engine API has not been used in project 460631177881 before or it is disabled. Enable it by visiting https://console.developers.google.com/apis/api/compute.googleapis.com/overview?project=460631177881 then retry. If you enabled this API recently, wait a few minutes for the action to propagate to our systems and retry."},{"@type":"type.googleapis.com/google.rpc.Help","links":[{"description":"Google developers console API activation","url":"https://console.developers.google.com/apis/api/compute.googleapis.com/overview?project=460631177881"}]}]}}
[debug] [2026-08-19T18:49:06.995Z] unable to look up default compute service account. Falling back to 460631177881-compute@developer.gserviceaccount.com. Error: {"name":"FirebaseError","children":[],"context":{"body":{"error":{"code":403,"message":"Compute Engine API has not been used in project 460631177881 before or it is disabled. Enable it by visiting https://console.developers.google.com/apis/api/compute.googleapis.com/overview?project=460631177881 then retry. If you enabled this API recently, wait a few minutes for the action to propagate to our systems and retry.","errors":[{"message":"Compute Engine API has not been used in project 460631177881 before or it is disabled. Enable it by visiting https://console.developers.google.com/apis/api/compute.googleapis.com/overview?project=460631177881 then retry. If you enabled this API recently, wait a few minutes for the action to propagate to our systems and retry.","domain":"usageLimits","reason":"accessNotConfigured","extendedHelp":"https://console.developers.google.com"}],"status":"PERMISSION_DENIED","details":[{"@type":"type.googleapis.com/google.rpc.ErrorInfo","reason":"SERVICE_DISABLED","domain":"googleapis.com","metadata":{"consumer":"projects/460631177881","serviceTitle":"Compute Engine API","activationUrl":"https://console.developers.google.com/apis/api/compute.googleapis.com/overview?project=460631177881","service":"compute.googleapis.com","containerInfo":"460631177881"}},{"@type":"type.googleapis.com/google.rpc.LocalizedMessage","locale":"en-US","message":"Compute Engine API has not been used in project 460631177881 before or it is disabled. Enable it by visiting https://console.developers.google.com/apis/api/compute.googleapis.com/overview?project=460631177881 then retry. If you enabled this API recently, wait a few minutes for the action to propagate to our systems and retry."},{"@type":"type.googleapis.com/google.rpc.Help","links":[{"description":"Google developers console API activation","url":"https://console.developers.google.com/apis/api/compute.googleapis.com/overview?project=460631177881"}]}]}},"response":{"statusCode":403}},"exit":1,"message":"Request to https://compute.googleapis.com/compute/v1/projects/460631177881 had HTTP Error: 403, Compute Engine API has not been used in project 460631177881 before or it is disabled. Enable it by visiting https://console.developers.google.com/apis/api/compute.googleapis.com/overview?project=460631177881 then retry. If you enabled this API recently, wait a few minutes for the action to propagate to our systems and retry.","status":403}
[debug] [2026-08-19T18:49:06.995Z] Checked if tokens are valid: true, expires at: 1787168503957
[debug] [2026-08-19T18:49:06.996Z] Checked if tokens are valid: true, expires at: 1787168503957
[debug] [2026-08-19T18:49:06.996Z] >>> [apiv2][query] GET https://compute.googleapis.com/compute/v1/projects/460631177881 [none]
[debug] [2026-08-19T18:49:07.061Z] <<< [apiv2][status] GET https://compute.googleapis.com/compute/v1/projects/460631177881 403
[debug] [2026-08-19T18:49:07.061Z] <<< [apiv2][body] GET https://compute.googleapis.com/compute/v1/projects/460631177881 {"error":{"code":403,"message":"Compute Engine API has not been used in project 460631177881 before or it is disabled. Enable it by visiting https://console.developers.google.com/apis/api/compute.googleapis.com/overview?project=460631177881 then retry. If you enabled this API recently, wait a few minutes for the action to propagate to our systems and retry.","errors":[{"message":"Compute Engine API has not been used in project 460631177881 before or it is disabled. Enable it by visiting https://console.developers.google.com/apis/api/compute.googleapis.com/overview?project=460631177881 then retry. If you enabled this API recently, wait a few minutes for the action to propagate to our systems and retry.","domain":"usageLimits","reason":"accessNotConfigured","extendedHelp":"https://console.developers.google.com"}],"status":"PERMISSION_DENIED","details":[{"@type":"type.googleapis.com/google.rpc.ErrorInfo","reason":"SERVICE_DISABLED","domain":"googleapis.com","metadata":{"service":"compute.googleapis.com","serviceTitle":"Compute Engine API","consumer":"projects/460631177881","containerInfo":"460631177881","activationUrl":"https://console.developers.google.com/apis/api/compute.googleapis.com/overview?project=460631177881"}},{"@type":"type.googleapis.com/google.rpc.LocalizedMessage","locale":"en-US","message":"Compute Engine API has not been used in project 460631177881 before or it is disabled. Enable it by visiting https://console.developers.google.com/apis/api/compute.googleapis.com/overview?project=460631177881 then retry. If you enabled this API recently, wait a few minutes for the action to propagate to our systems and retry."},{"@type":"type.googleapis.com/google.rpc.Help","links":[{"description":"Google developers console API activation","url":"https://console.developers.google.com/apis/api/compute.googleapis.com/overview?project=460631177881"}]}]}}
[debug] [2026-08-19T18:49:07.062Z] unable to look up default compute service account. Falling back to 460631177881-compute@developer.gserviceaccount.com. Error: {"name":"FirebaseError","children":[],"context":{"body":{"error":{"code":403,"message":"Compute Engine API has not been used in project 460631177881 before or it is disabled. Enable it by visiting https://console.developers.google.com/apis/api/compute.googleapis.com/overview?project=460631177881 then retry. If you enabled this API recently, wait a few minutes for the action to propagate to our systems and retry.","errors":[{"message":"Compute Engine API has not been used in project 460631177881 before or it is disabled. Enable it by visiting https://console.developers.google.com/apis/api/compute.googleapis.com/overview?project=460631177881 then retry. If you enabled this API recently, wait a few minutes for the action to propagate to our systems and retry.","domain":"usageLimits","reason":"accessNotConfigured","extendedHelp":"https://console.developers.google.com"}],"status":"PERMISSION_DENIED","details":[{"@type":"type.googleapis.com/google.rpc.ErrorInfo","reason":"SERVICE_DISABLED","domain":"googleapis.com","metadata":{"service":"compute.googleapis.com","serviceTitle":"Compute Engine API","consumer":"projects/460631177881","containerInfo":"460631177881","activationUrl":"https://console.developers.google.com/apis/api/compute.googleapis.com/overview?project=460631177881"}},{"@type":"type.googleapis.com/google.rpc.LocalizedMessage","locale":"en-US","message":"Compute Engine API has not been used in project 460631177881 before or it is disabled. Enable it by visiting https://console.developers.google.com/apis/api/compute.googleapis.com/overview?project=460631177881 then retry. If you enabled this API recently, wait a few minutes for the action to propagate to our systems and retry."},{"@type":"type.googleapis.com/google.rpc.Help","links":[{"description":"Google developers console API activation","url":"https://console.developers.google.com/apis/api/compute.googleapis.com/overview?project=460631177881"}]}]}},"response":{"statusCode":403}},"exit":1,"message":"Request to https://compute.googleapis.com/compute/v1/projects/460631177881 had HTTP Error: 403, Compute Engine API has not been used in project 460631177881 before or it is disabled. Enable it by visiting https://console.developers.google.com/apis/api/compute.googleapis.com/overview?project=460631177881 then retry. If you enabled this API recently, wait a few minutes for the action to propagate to our systems and retry.","status":403}
[debug] [2026-08-19T18:49:07.063Z] Checked if tokens are valid: true, expires at: 1787168503957
[debug] [2026-08-19T18:49:07.063Z] Checked if tokens are valid: true, expires at: 1787168503957
[debug] [2026-08-19T18:49:07.063Z] >>> [apiv2][query] GET https://compute.googleapis.com/compute/v1/projects/460631177881 [none]
[debug] [2026-08-19T18:49:07.110Z] <<< [apiv2][status] GET https://compute.googleapis.com/compute/v1/projects/460631177881 403
[debug] [2026-08-19T18:49:07.110Z] <<< [apiv2][body] GET https://compute.googleapis.com/compute/v1/projects/460631177881 {"error":{"code":403,"message":"Compute Engine API has not been used in project 460631177881 before or it is disabled. Enable it by visiting https://console.developers.google.com/apis/api/compute.googleapis.com/overview?project=460631177881 then retry. If you enabled this API recently, wait a few minutes for the action to propagate to our systems and retry.","errors":[{"message":"Compute Engine API has not been used in project 460631177881 before or it is disabled. Enable it by visiting https://console.developers.google.com/apis/api/compute.googleapis.com/overview?project=460631177881 then retry. If you enabled this API recently, wait a few minutes for the action to propagate to our systems and retry.","domain":"usageLimits","reason":"accessNotConfigured","extendedHelp":"https://console.developers.google.com"}],"status":"PERMISSION_DENIED","details":[{"@type":"type.googleapis.com/google.rpc.ErrorInfo","reason":"SERVICE_DISABLED","domain":"googleapis.com","metadata":{"consumer":"projects/460631177881","service":"compute.googleapis.com","containerInfo":"460631177881","serviceTitle":"Compute Engine API","activationUrl":"https://console.developers.google.com/apis/api/compute.googleapis.com/overview?project=460631177881"}},{"@type":"type.googleapis.com/google.rpc.LocalizedMessage","locale":"en-US","message":"Compute Engine API has not been used in project 460631177881 before or it is disabled. Enable it by visiting https://console.developers.google.com/apis/api/compute.googleapis.com/overview?project=460631177881 then retry. If you enabled this API recently, wait a few minutes for the action to propagate to our systems and retry."},{"@type":"type.googleapis.com/google.rpc.Help","links":[{"description":"Google developers console API activation","url":"https://console.developers.google.com/apis/api/compute.googleapis.com/overview?project=460631177881"}]}]}}
[debug] [2026-08-19T18:49:07.111Z] unable to look up default compute service account. Falling back to 460631177881-compute@developer.gserviceaccount.com. Error: {"name":"FirebaseError","children":[],"context":{"body":{"error":{"code":403,"message":"Compute Engine API has not been used in project 460631177881 before or it is disabled. Enable it by visiting https://console.developers.google.com/apis/api/compute.googleapis.com/overview?project=460631177881 then retry. If you enabled this API recently, wait a few minutes for the action to propagate to our systems and retry.","errors":[{"message":"Compute Engine API has not been used in project 460631177881 before or it is disabled. Enable it by visiting https://console.developers.google.com/apis/api/compute.googleapis.com/overview?project=460631177881 then retry. If you enabled this API recently, wait a few minutes for the action to propagate to our systems and retry.","domain":"usageLimits","reason":"accessNotConfigured","extendedHelp":"https://console.developers.google.com"}],"status":"PERMISSION_DENIED","details":[{"@type":"type.googleapis.com/google.rpc.ErrorInfo","reason":"SERVICE_DISABLED","domain":"googleapis.com","metadata":{"consumer":"projects/460631177881","service":"compute.googleapis.com","containerInfo":"460631177881","serviceTitle":"Compute Engine API","activationUrl":"https://console.developers.google.com/apis/api/compute.googleapis.com/overview?project=460631177881"}},{"@type":"type.googleapis.com/google.rpc.LocalizedMessage","locale":"en-US","message":"Compute Engine API has not been used in project 460631177881 before or it is disabled. Enable it by visiting https://console.developers.google.com/apis/api/compute.googleapis.com/overview?project=460631177881 then retry. If you enabled this API recently, wait a few minutes for the action to propagate to our systems and retry."},{"@type":"type.googleapis.com/google.rpc.Help","links":[{"description":"Google developers console API activation","url":"https://console.developers.google.com/apis/api/compute.googleapis.com/overview?project=460631177881"}]}]}},"response":{"statusCode":403}},"exit":1,"message":"Request to https://compute.googleapis.com/compute/v1/projects/460631177881 had HTTP Error: 403, Compute Engine API has not been used in project 460631177881 before or it is disabled. Enable it by visiting https://console.developers.google.com/apis/api/compute.googleapis.com/overview?project=460631177881 then retry. If you enabled this API recently, wait a few minutes for the action to propagate to our systems and retry.","status":403}
[debug] [2026-08-19T18:49:07.111Z] Checked if tokens are valid: true, expires at: 1787168503957
[debug] [2026-08-19T18:49:07.111Z] Checked if tokens are valid: true, expires at: 1787168503957
[debug] [2026-08-19T18:49:07.112Z] >>> [apiv2][query] GET https://compute.googleapis.com/compute/v1/projects/460631177881 [none]
[debug] [2026-08-19T18:49:07.182Z] <<< [apiv2][status] GET https://compute.googleapis.com/compute/v1/projects/460631177881 403
[debug] [2026-08-19T18:49:07.182Z] <<< [apiv2][body] GET https://compute.googleapis.com/compute/v1/projects/460631177881 {"error":{"code":403,"message":"Compute Engine API has not been used in project 460631177881 before or it is disabled. Enable it by visiting https://console.developers.google.com/apis/api/compute.googleapis.com/overview?project=460631177881 then retry. If you enabled this API recently, wait a few minutes for the action to propagate to our systems and retry.","errors":[{"message":"Compute Engine API has not been used in project 460631177881 before or it is disabled. Enable it by visiting https://console.developers.google.com/apis/api/compute.googleapis.com/overview?project=460631177881 then retry. If you enabled this API recently, wait a few minutes for the action to propagate to our systems and retry.","domain":"usageLimits","reason":"accessNotConfigured","extendedHelp":"https://console.developers.google.com"}],"status":"PERMISSION_DENIED","details":[{"@type":"type.googleapis.com/google.rpc.ErrorInfo","reason":"SERVICE_DISABLED","domain":"googleapis.com","metadata":{"service":"compute.googleapis.com","consumer":"projects/460631177881","activationUrl":"https://console.developers.google.com/apis/api/compute.googleapis.com/overview?project=460631177881","containerInfo":"460631177881","serviceTitle":"Compute Engine API"}},{"@type":"type.googleapis.com/google.rpc.LocalizedMessage","locale":"en-US","message":"Compute Engine API has not been used in project 460631177881 before or it is disabled. Enable it by visiting https://console.developers.google.com/apis/api/compute.googleapis.com/overview?project=460631177881 then retry. If you enabled this API recently, wait a few minutes for the action to propagate to our systems and retry."},{"@type":"type.googleapis.com/google.rpc.Help","links":[{"description":"Google developers console API activation","url":"https://console.developers.google.com/apis/api/compute.googleapis.com/overview?project=460631177881"}]}]}}
[debug] [2026-08-19T18:49:07.183Z] unable to look up default compute service account. Falling back to 460631177881-compute@developer.gserviceaccount.com. Error: {"name":"FirebaseError","children":[],"context":{"body":{"error":{"code":403,"message":"Compute Engine API has not been used in project 460631177881 before or it is disabled. Enable it by visiting https://console.developers.google.com/apis/api/compute.googleapis.com/overview?project=460631177881 then retry. If you enabled this API recently, wait a few minutes for the action to propagate to our systems and retry.","errors":[{"message":"Compute Engine API has not been used in project 460631177881 before or it is disabled. Enable it by visiting https://console.developers.google.com/apis/api/compute.googleapis.com/overview?project=460631177881 then retry. If you enabled this API recently, wait a few minutes for the action to propagate to our systems and retry.","domain":"usageLimits","reason":"accessNotConfigured","extendedHelp":"https://console.developers.google.com"}],"status":"PERMISSION_DENIED","details":[{"@type":"type.googleapis.com/google.rpc.ErrorInfo","reason":"SERVICE_DISABLED","domain":"googleapis.com","metadata":{"service":"compute.googleapis.com","consumer":"projects/460631177881","activationUrl":"https://console.developers.google.com/apis/api/compute.googleapis.com/overview?project=460631177881","containerInfo":"460631177881","serviceTitle":"Compute Engine API"}},{"@type":"type.googleapis.com/google.rpc.LocalizedMessage","locale":"en-US","message":"Compute Engine API has not been used in project 460631177881 before or it is disabled. Enable it by visiting https://console.developers.google.com/apis/api/compute.googleapis.com/overview?project=460631177881 then retry. If you enabled this API recently, wait a few minutes for the action to propagate to our systems and retry."},{"@type":"type.googleapis.com/google.rpc.Help","links":[{"description":"Google developers console API activation","url":"https://console.developers.google.com/apis/api/compute.googleapis.com/overview?project=460631177881"}]}]}},"response":{"statusCode":403}},"exit":1,"message":"Request to https://compute.googleapis.com/compute/v1/projects/460631177881 had HTTP Error: 403, Compute Engine API has not been used in project 460631177881 before or it is disabled. Enable it by visiting https://console.developers.google.com/apis/api/compute.googleapis.com/overview?project=460631177881 then retry. If you enabled this API recently, wait a few minutes for the action to propagate to our systems and retry.","status":403}
[debug] [2026-08-19T18:49:07.187Z] Checked if tokens are valid: true, expires at: 1787168503957
[debug] [2026-08-19T18:49:07.187Z] Checked if tokens are valid: true, expires at: 1787168503957
[debug] [2026-08-19T18:49:07.187Z] >>> [apiv2][query] GET https://cloudbilling.googleapis.com/v1/projects/trials-of-venus/billingInfo [none]
[debug] [2026-08-19T18:49:07.304Z] <<< [apiv2][status] GET https://cloudbilling.googleapis.com/v1/projects/trials-of-venus/billingInfo 200
[debug] [2026-08-19T18:49:07.305Z] <<< [apiv2][body] GET https://cloudbilling.googleapis.com/v1/projects/trials-of-venus/billingInfo {"name":"projects/trials-of-venus/billingInfo","projectId":"trials-of-venus","billingAccountName":"billingAccounts/012FFE-0B4B56-6B0C7A","billingEnabled":true}
[debug] [2026-08-19T18:49:07.310Z] Checked if tokens are valid: true, expires at: 1787168503957
[debug] [2026-08-19T18:49:07.310Z] Checked if tokens are valid: true, expires at: 1787168503957
[debug] [2026-08-19T18:49:07.310Z] >>> [apiv2][query] POST https://cloudfunctions.googleapis.com/v2/projects/trials-of-venus/locations/us-central1/functions:generateUploadUrl [none]
[debug] [2026-08-19T18:49:07.918Z] <<< [apiv2][status] POST https://cloudfunctions.googleapis.com/v2/projects/trials-of-venus/locations/us-central1/functions:generateUploadUrl 200
[debug] [2026-08-19T18:49:07.918Z] <<< [apiv2][body] POST https://cloudfunctions.googleapis.com/v2/projects/trials-of-venus/locations/us-central1/functions:generateUploadUrl {"uploadUrl":"https://storage.googleapis.com/gcf-v2-uploads-460631177881.us-central1.cloudfunctions.appspot.com/60ee6ad1-5587-45c4-8b6e-fe9db61f759f.zip?GoogleAccessId=service-460631177881@gcf-admin-robot.iam.gserviceaccount.com&Expires=1787167147&Signature=f%2BDD1VDvaENGoPXWr5qaqAbFqknTFweWNNw3iVFK70gaoWmxUp0HLjQE9HG08C89VwWk5aHOTrv4zssXu%2FNG%2Fyp%2FC4%2FJaqLE55b0Lcea4SE%2FDPSpdH%2Fx2HvtDnZbaQJXOuTeDnPi0o8PKfrU%2FYzJx1DKqvvqNnVwKlnWjnkx%2BLf5BqHQ4Y%2FlBv2pBuEt%2BwnP3BcxbqUyv3bLoHk0dkTyROjpqOy78rq4CPmQzowwF%2F80t%2FkRfxNQpOyHWpjVRUp4fHHN%2FwoCDWvne5%2Bc3WFlOw1sZXqZU1pGJBGYXUBLFfUk90eOky9UE0I2Sm8ycR0RRAdK6qcNLUFiR9D%2Fqx4q9Q%3D%3D","storageSource":{"bucket":"gcf-v2-uploads-460631177881.us-central1.cloudfunctions.appspot.com","object":"60ee6ad1-5587-45c4-8b6e-fe9db61f759f.zip"}}
[debug] [2026-08-19T18:49:07.922Z] >>> [apiv2][query] PUT https://storage.googleapis.com/gcf-v2-uploads-460631177881.us-central1.cloudfunctions.appspot.com/60ee6ad1-5587-45c4-8b6e-fe9db61f759f.zip GoogleAccessId=service-460631177881%40gcf-admin-robot.iam.gserviceaccount.com&Expires=1787167147&Signature=f%2BDD1VDvaENGoPXWr5qaqAbFqknTFweWNNw3iVFK70gaoWmxUp0HLjQE9HG08C89VwWk5aHOTrv4zssXu%2FNG%2Fyp%2FC4%2FJaqLE55b0Lcea4SE%2FDPSpdH%2Fx2HvtDnZbaQJXOuTeDnPi0o8PKfrU%2FYzJx1DKqvvqNnVwKlnWjnkx%2BLf5BqHQ4Y%2FlBv2pBuEt%2BwnP3BcxbqUyv3bLoHk0dkTyROjpqOy78rq4CPmQzowwF%2F80t%2FkRfxNQpOyHWpjVRUp4fHHN%2FwoCDWvne5%2Bc3WFlOw1sZXqZU1pGJBGYXUBLFfUk90eOky9UE0I2Sm8ycR0RRAdK6qcNLUFiR9D%2Fqx4q9Q%3D%3D
[debug] [2026-08-19T18:49:07.922Z] >>> [apiv2][body] PUT https://storage.googleapis.com/gcf-v2-uploads-460631177881.us-central1.cloudfunctions.appspot.com/60ee6ad1-5587-45c4-8b6e-fe9db61f759f.zip [stream]
[debug] [2026-08-19T18:49:08.120Z] <<< [apiv2][status] PUT https://storage.googleapis.com/gcf-v2-uploads-460631177881.us-central1.cloudfunctions.appspot.com/60ee6ad1-5587-45c4-8b6e-fe9db61f759f.zip 200
[debug] [2026-08-19T18:49:08.120Z] <<< [apiv2][body] PUT https://storage.googleapis.com/gcf-v2-uploads-460631177881.us-central1.cloudfunctions.appspot.com/60ee6ad1-5587-45c4-8b6e-fe9db61f759f.zip [omitted]
[info] ✔  functions: . folder uploaded successfully 
[info] i  functions: updating Node.js 22 (2nd Gen) function new-functions:notifyEventImportBatch(us-central1)... 
[info] i  functions: updating Node.js 22 (2nd Gen) function new-functions:recomputeRecommendationsOnProfileChange(us-central1)... 
[info] i  functions: updating Node.js 22 (2nd Gen) function new-functions:notifyRecommendationsUpdated(us-central1)... 
[info] i  functions: updating Node.js 22 (2nd Gen) function new-functions:scoutReply(us-central1)... 
[debug] [2026-08-19T18:49:08.139Z] Checked if tokens are valid: true, expires at: 1787168503957
[debug] [2026-08-19T18:49:08.139Z] Checked if tokens are valid: true, expires at: 1787168503957
[debug] [2026-08-19T18:49:08.140Z] >>> [apiv2][query] PATCH https://cloudfunctions.googleapis.com/v2/projects/trials-of-venus/locations/us-central1/functions/notifyEventImportBatch updateMask=name%2CbuildConfig.runtime%2CbuildConfig.entryPoint%2CbuildConfig.source.storageSource.bucket%2CbuildConfig.source.storageSource.object%2CbuildConfig.environmentVariables%2CbuildConfig.sourceToken%2CserviceConfig.environmentVariables%2CserviceConfig.ingressSettings%2CserviceConfig.timeoutSeconds%2CserviceConfig.serviceAccountEmail%2CserviceConfig.availableMemory%2CserviceConfig.minInstanceCount%2CserviceConfig.maxInstanceCount%2CserviceConfig.maxInstanceRequestConcurrency%2CserviceConfig.availableCpu%2CserviceConfig.vpcConnector%2CserviceConfig.vpcConnectorEgressSettings%2Clabels%2CeventTrigger.eventType%2CeventTrigger.retryPolicy%2CeventTrigger.eventFilters%2CeventTrigger.triggerRegion
[debug] [2026-08-19T18:49:08.141Z] >>> [apiv2][body] PATCH https://cloudfunctions.googleapis.com/v2/projects/trials-of-venus/locations/us-central1/functions/notifyEventImportBatch {"name":"projects/trials-of-venus/locations/us-central1/functions/notifyEventImportBatch","buildConfig":{"runtime":"nodejs22","entryPoint":"notifyEventImportBatch","source":{"storageSource":{"bucket":"gcf-v2-uploads-460631177881.us-central1.cloudfunctions.appspot.com","object":"60ee6ad1-5587-45c4-8b6e-fe9db61f759f.zip"}},"environmentVariables":{"GOOGLE_NODE_RUN_SCRIPTS":""}},"serviceConfig":{"environmentVariables":{"OPENROUTER_API_KEY":"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","FIREBASE_CONFIG":"{\"projectId\":\"trials-of-venus\",\"storageBucket\":\"trials-of-venus.firebasestorage.app\"}","GCLOUD_PROJECT":"trials-of-venus","EVENTARC_CLOUD_EVENT_SOURCE":"projects/trials-of-venus/locations/us-central1/services/notifyEventImportBatch","FUNCTION_SIGNATURE_TYPE":"cloudevent","FUNCTION_TARGET":"notifyEventImportBatch","LOG_EXECUTION_ID":"true"},"ingressSettings":null,"timeoutSeconds":null,"serviceAccountEmail":null,"availableMemory":"256Mi","minInstanceCount":null,"maxInstanceCount":10,"maxInstanceRequestConcurrency":80,"availableCpu":"1","vpcConnector":null,"vpcConnectorEgressSettings":null},"labels":{"deployment-tool":"cli-firebase","firebase-functions-codebase":"new-functions","firebase-functions-hash":"10817d94b1538eaf416804df25d6c54a2d9d2c22"},"eventTrigger":{"eventType":"google.cloud.firestore.document.v1.created","retryPolicy":"RETRY_POLICY_DO_NOT_RETRY","eventFilters":[{"attribute":"database","value":"(default)"},{"attribute":"namespace","value":"(default)"},{"attribute":"document","value":"event-import-batches/{batchId}","operator":"match-path-pattern"}],"triggerRegion":"nam5"}}
[debug] [2026-08-19T18:49:09.319Z] <<< [apiv2][status] PATCH https://cloudfunctions.googleapis.com/v2/projects/trials-of-venus/locations/us-central1/functions/notifyEventImportBatch 200
[debug] [2026-08-19T18:49:09.319Z] <<< [apiv2][body] PATCH https://cloudfunctions.googleapis.com/v2/projects/trials-of-venus/locations/us-central1/functions/notifyEventImportBatch {"name":"projects/trials-of-venus/locations/us-central1/operations/operation-1787165348325-6596adbbde6a0-fc0e5532-32dd745f","metadata":{"@type":"type.googleapis.com/google.cloud.functions.v2.OperationMetadata","createTime":"2026-08-19T18:49:09.285239964Z","target":"projects/trials-of-venus/locations/us-central1/functions/notifyEventImportBatch","verb":"update","cancelRequested":false,"apiVersion":"v2"},"done":false}
[debug] [2026-08-19T18:49:09.321Z] Checked if tokens are valid: true, expires at: 1787168503957
[debug] [2026-08-19T18:49:09.321Z] Checked if tokens are valid: true, expires at: 1787168503957
[debug] [2026-08-19T18:49:09.322Z] >>> [apiv2][query] GET https://cloudfunctions.googleapis.com/v2/projects/trials-of-venus/locations/us-central1/operations/operation-1787165348325-6596adbbde6a0-fc0e5532-32dd745f [none]
[debug] [2026-08-19T18:49:09.386Z] <<< [apiv2][status] GET https://cloudfunctions.googleapis.com/v2/projects/trials-of-venus/locations/us-central1/operations/operation-1787165348325-6596adbbde6a0-fc0e5532-32dd745f 200
[debug] [2026-08-19T18:49:09.387Z] <<< [apiv2][body] GET https://cloudfunctions.googleapis.com/v2/projects/trials-of-venus/locations/us-central1/operations/operation-1787165348325-6596adbbde6a0-fc0e5532-32dd745f {"name":"projects/trials-of-venus/locations/us-central1/operations/operation-1787165348325-6596adbbde6a0-fc0e5532-32dd745f","metadata":{"@type":"type.googleapis.com/google.cloud.functions.v2.OperationMetadata","createTime":"2026-08-19T18:49:09.285239964Z","target":"projects/trials-of-venus/locations/us-central1/functions/notifyEventImportBatch","verb":"update","cancelRequested":false,"apiVersion":"v2"},"done":false}
[debug] [2026-08-19T18:49:09.887Z] [update-new-functions-us-central1-notifyEventImportBatch] Retrying task index 0
[debug] [2026-08-19T18:49:09.887Z] Checked if tokens are valid: true, expires at: 1787168503957
[debug] [2026-08-19T18:49:09.888Z] Checked if tokens are valid: true, expires at: 1787168503957
[debug] [2026-08-19T18:49:09.888Z] >>> [apiv2][query] GET https://cloudfunctions.googleapis.com/v2/projects/trials-of-venus/locations/us-central1/operations/operation-1787165348325-6596adbbde6a0-fc0e5532-32dd745f [none]
[debug] [2026-08-19T18:49:09.940Z] <<< [apiv2][status] GET https://cloudfunctions.googleapis.com/v2/projects/trials-of-venus/locations/us-central1/operations/operation-1787165348325-6596adbbde6a0-fc0e5532-32dd745f 200
[debug] [2026-08-19T18:49:09.940Z] <<< [apiv2][body] GET https://cloudfunctions.googleapis.com/v2/projects/trials-of-venus/locations/us-central1/operations/operation-1787165348325-6596adbbde6a0-fc0e5532-32dd745f {"name":"projects/trials-of-venus/locations/us-central1/operations/operation-1787165348325-6596adbbde6a0-fc0e5532-32dd745f","metadata":{"@type":"type.googleapis.com/google.cloud.functions.v2.OperationMetadata","createTime":"2026-08-19T18:49:09.285239964Z","target":"projects/trials-of-venus/locations/us-central1/functions/notifyEventImportBatch","verb":"update","cancelRequested":false,"apiVersion":"v2","requestResource":{"@type":"type.googleapis.com/google.cloud.functions.v2.Function","name":"projects/trials-of-venus/locations/us-central1/functions/notifyEventImportBatch","buildConfig":{"runtime":"nodejs22","entryPoint":"notifyEventImportBatch","source":{"storageSource":{"bucket":"gcf-v2-sources-460631177881-us-central1","object":"notifyEventImportBatch/function-source.zip","generation":"1787165349228146"}},"environmentVariables":{"GOOGLE_NODE_RUN_SCRIPTS":""},"dockerRepository":"projects/trials-of-venus/locations/us-central1/repositories/gcf-artifacts","sourceProvenance":{"resolvedStorageSource":{"bucket":"gcf-v2-sources-460631177881-us-central1","object":"notifyEventImportBatch/function-source.zip","generation":"1787164914647204"}},"dockerRegistry":"ARTIFACT_REGISTRY","serviceAccount":"projects/trials-of-venus/serviceAccounts/460631177881-compute@developer.gserviceaccount.com","automaticUpdatePolicy":{}},"serviceConfig":{"service":"projects/trials-of-venus/locations/us-central1/services/notifyeventimportbatch","timeoutSeconds":60,"environmentVariables":{"OPENROUTER_API_KEY":"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","FIREBASE_CONFIG":"{\"projectId\":\"trials-of-venus\",\"storageBucket\":\"trials-of-venus.firebasestorage.app\"}","GCLOUD_PROJECT":"trials-of-venus","EVENTARC_CLOUD_EVENT_SOURCE":"projects/trials-of-venus/locations/us-central1/services/notifyEventImportBatch","FUNCTION_SIGNATURE_TYPE":"cloudevent","FUNCTION_TARGET":"notifyEventImportBatch","LOG_EXECUTION_ID":"true"},"maxInstanceCount":10,"ingressSettings":"ALLOW_ALL","uri":"https://notifyeventimportbatch-mnj4u5xeaq-uc.a.run.app","serviceAccountEmail":"460631177881-compute@developer.gserviceaccount.com","availableMemory":"256Mi","allTrafficOnLatestRevision":true,"revision":"notifyeventimportbatch-00010-dok","maxInstanceRequestConcurrency":80,"availableCpu":"1"},"eventTrigger":{"trigger":"projects/trials-of-venus/locations/nam5/triggers/notifyeventimportbatch-660719","triggerRegion":"nam5","eventType":"google.cloud.firestore.document.v1.created","eventFilters":[{"attribute":"database","value":"(default)"},{"attribute":"namespace","value":"(default)"},{"attribute":"document","value":"event-import-batches/{batchId}","operator":"match-path-pattern"}],"pubsubTopic":"projects/trials-of-venus/topics/eventarc-nam5-notifyeventimportbatch-660719-856","serviceAccountEmail":"460631177881-compute@developer.gserviceaccount.com","retryPolicy":"RETRY_POLICY_DO_NOT_RETRY"},"state":"ACTIVE","labels":{"deployment-tool":"cli-firebase","firebase-functions-codebase":"new-functions","firebase-functions-hash":"10817d94b1538eaf416804df25d6c54a2d9d2c22"},"environment":"GEN_2","url":"https://us-central1-trials-of-venus.cloudfunctions.net/notifyEventImportBatch","satisfiesPzi":true},"stages":[{"name":"BUILD","state":"NOT_STARTED"},{"name":"SERVICE","state":"NOT_STARTED"},{"name":"TRIGGER","state":"NOT_STARTED"}],"operationType":"UPDATE_FUNCTION"},"done":false}
[debug] [2026-08-19T18:49:10.941Z] [update-new-functions-us-central1-notifyEventImportBatch] Retrying task index 0
[debug] [2026-08-19T18:49:10.942Z] Checked if tokens are valid: true, expires at: 1787168503957
[debug] [2026-08-19T18:49:10.942Z] Checked if tokens are valid: true, expires at: 1787168503957
[debug] [2026-08-19T18:49:10.942Z] >>> [apiv2][query] GET https://cloudfunctions.googleapis.com/v2/projects/trials-of-venus/locations/us-central1/operations/operation-1787165348325-6596adbbde6a0-fc0e5532-32dd745f [none]
[debug] [2026-08-19T18:49:11.011Z] <<< [apiv2][status] GET https://cloudfunctions.googleapis.com/v2/projects/trials-of-venus/locations/us-central1/operations/operation-1787165348325-6596adbbde6a0-fc0e5532-32dd745f 200
[debug] [2026-08-19T18:49:11.012Z] <<< [apiv2][body] GET https://cloudfunctions.googleapis.com/v2/projects/trials-of-venus/locations/us-central1/operations/operation-1787165348325-6596adbbde6a0-fc0e5532-32dd745f {"name":"projects/trials-of-venus/locations/us-central1/operations/operation-1787165348325-6596adbbde6a0-fc0e5532-32dd745f","metadata":{"@type":"type.googleapis.com/google.cloud.functions.v2.OperationMetadata","createTime":"2026-08-19T18:49:09.285239964Z","target":"projects/trials-of-venus/locations/us-central1/functions/notifyEventImportBatch","verb":"update","cancelRequested":false,"apiVersion":"v2","requestResource":{"@type":"type.googleapis.com/google.cloud.functions.v2.Function","name":"projects/trials-of-venus/locations/us-central1/functions/notifyEventImportBatch","buildConfig":{"runtime":"nodejs22","entryPoint":"notifyEventImportBatch","source":{"storageSource":{"bucket":"gcf-v2-sources-460631177881-us-central1","object":"notifyEventImportBatch/function-source.zip","generation":"1787165349228146"}},"environmentVariables":{"GOOGLE_NODE_RUN_SCRIPTS":""},"dockerRepository":"projects/trials-of-venus/locations/us-central1/repositories/gcf-artifacts","sourceProvenance":{"resolvedStorageSource":{"bucket":"gcf-v2-sources-460631177881-us-central1","object":"notifyEventImportBatch/function-source.zip","generation":"1787164914647204"}},"dockerRegistry":"ARTIFACT_REGISTRY","serviceAccount":"projects/trials-of-venus/serviceAccounts/460631177881-compute@developer.gserviceaccount.com","automaticUpdatePolicy":{}},"serviceConfig":{"service":"projects/trials-of-venus/locations/us-central1/services/notifyeventimportbatch","timeoutSeconds":60,"environmentVariables":{"OPENROUTER_API_KEY":"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","FIREBASE_CONFIG":"{\"projectId\":\"trials-of-venus\",\"storageBucket\":\"trials-of-venus.firebasestorage.app\"}","GCLOUD_PROJECT":"trials-of-venus","EVENTARC_CLOUD_EVENT_SOURCE":"projects/trials-of-venus/locations/us-central1/services/notifyEventImportBatch","FUNCTION_SIGNATURE_TYPE":"cloudevent","FUNCTION_TARGET":"notifyEventImportBatch","LOG_EXECUTION_ID":"true"},"maxInstanceCount":10,"ingressSettings":"ALLOW_ALL","uri":"https://notifyeventimportbatch-mnj4u5xeaq-uc.a.run.app","serviceAccountEmail":"460631177881-compute@developer.gserviceaccount.com","availableMemory":"256Mi","allTrafficOnLatestRevision":true,"revision":"notifyeventimportbatch-00010-dok","maxInstanceRequestConcurrency":80,"availableCpu":"1"},"eventTrigger":{"trigger":"projects/trials-of-venus/locations/nam5/triggers/notifyeventimportbatch-660719","triggerRegion":"nam5","eventType":"google.cloud.firestore.document.v1.created","eventFilters":[{"attribute":"database","value":"(default)"},{"attribute":"namespace","value":"(default)"},{"attribute":"document","value":"event-import-batches/{batchId}","operator":"match-path-pattern"}],"pubsubTopic":"projects/trials-of-venus/topics/eventarc-nam5-notifyeventimportbatch-660719-856","serviceAccountEmail":"460631177881-compute@developer.gserviceaccount.com","retryPolicy":"RETRY_POLICY_DO_NOT_RETRY"},"state":"ACTIVE","labels":{"deployment-tool":"cli-firebase","firebase-functions-codebase":"new-functions","firebase-functions-hash":"10817d94b1538eaf416804df25d6c54a2d9d2c22"},"environment":"GEN_2","url":"https://us-central1-trials-of-venus.cloudfunctions.net/notifyEventImportBatch","satisfiesPzi":true},"stages":[{"name":"BUILD","message":"Build in progress","state":"IN_PROGRESS","resource":"projects/460631177881/locations/us-central1/builds/907f85f3-b471-4c21-87ae-2d50dfbd511b","resourceUri":"https://console.cloud.google.com/cloud-build/builds;region=us-central1/907f85f3-b471-4c21-87ae-2d50dfbd511b?project=460631177881"},{"name":"SERVICE","state":"NOT_STARTED"},{"name":"TRIGGER","state":"NOT_STARTED"}],"operationType":"UPDATE_FUNCTION","buildName":"projects/460631177881/locations/us-central1/builds/907f85f3-b471-4c21-87ae-2d50dfbd511b"},"done":false}
[debug] [2026-08-19T18:49:13.013Z] [update-new-functions-us-central1-notifyEventImportBatch] Retrying task index 0
[debug] [2026-08-19T18:49:13.014Z] Checked if tokens are valid: true, expires at: 1787168503957
[debug] [2026-08-19T18:49:13.014Z] Checked if tokens are valid: true, expires at: 1787168503957
[debug] [2026-08-19T18:49:13.014Z] >>> [apiv2][query] GET https://cloudfunctions.googleapis.com/v2/projects/trials-of-venus/locations/us-central1/operations/operation-1787165348325-6596adbbde6a0-fc0e5532-32dd745f [none]
[debug] [2026-08-19T18:49:13.206Z] <<< [apiv2][status] GET https://cloudfunctions.googleapis.com/v2/projects/trials-of-venus/locations/us-central1/operations/operation-1787165348325-6596adbbde6a0-fc0e5532-32dd745f 200
[debug] [2026-08-19T18:49:13.206Z] <<< [apiv2][body] GET https://cloudfunctions.googleapis.com/v2/projects/trials-of-venus/locations/us-central1/operations/operation-1787165348325-6596adbbde6a0-fc0e5532-32dd745f {"name":"projects/trials-of-venus/locations/us-central1/operations/operation-1787165348325-6596adbbde6a0-fc0e5532-32dd745f","metadata":{"@type":"type.googleapis.com/google.cloud.functions.v2.OperationMetadata","createTime":"2026-08-19T18:49:09.285239964Z","target":"projects/trials-of-venus/locations/us-central1/functions/notifyEventImportBatch","verb":"update","cancelRequested":false,"apiVersion":"v2","requestResource":{"@type":"type.googleapis.com/google.cloud.functions.v2.Function","name":"projects/trials-of-venus/locations/us-central1/functions/notifyEventImportBatch","buildConfig":{"runtime":"nodejs22","entryPoint":"notifyEventImportBatch","source":{"storageSource":{"bucket":"gcf-v2-sources-460631177881-us-central1","object":"notifyEventImportBatch/function-source.zip","generation":"1787165349228146"}},"environmentVariables":{"GOOGLE_NODE_RUN_SCRIPTS":""},"dockerRepository":"projects/trials-of-venus/locations/us-central1/repositories/gcf-artifacts","sourceProvenance":{"resolvedStorageSource":{"bucket":"gcf-v2-sources-460631177881-us-central1","object":"notifyEventImportBatch/function-source.zip","generation":"1787164914647204"}},"dockerRegistry":"ARTIFACT_REGISTRY","serviceAccount":"projects/trials-of-venus/serviceAccounts/460631177881-compute@developer.gserviceaccount.com","automaticUpdatePolicy":{}},"serviceConfig":{"service":"projects/trials-of-venus/locations/us-central1/services/notifyeventimportbatch","timeoutSeconds":60,"environmentVariables":{"OPENROUTER_API_KEY":"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","FIREBASE_CONFIG":"{\"projectId\":\"trials-of-venus\",\"storageBucket\":\"trials-of-venus.firebasestorage.app\"}","GCLOUD_PROJECT":"trials-of-venus","EVENTARC_CLOUD_EVENT_SOURCE":"projects/trials-of-venus/locations/us-central1/services/notifyEventImportBatch","FUNCTION_SIGNATURE_TYPE":"cloudevent","FUNCTION_TARGET":"notifyEventImportBatch","LOG_EXECUTION_ID":"true"},"maxInstanceCount":10,"ingressSettings":"ALLOW_ALL","uri":"https://notifyeventimportbatch-mnj4u5xeaq-uc.a.run.app","serviceAccountEmail":"460631177881-compute@developer.gserviceaccount.com","availableMemory":"256Mi","allTrafficOnLatestRevision":true,"revision":"notifyeventimportbatch-00010-dok","maxInstanceRequestConcurrency":80,"availableCpu":"1"},"eventTrigger":{"trigger":"projects/trials-of-venus/locations/nam5/triggers/notifyeventimportbatch-660719","triggerRegion":"nam5","eventType":"google.cloud.firestore.document.v1.created","eventFilters":[{"attribute":"database","value":"(default)"},{"attribute":"namespace","value":"(default)"},{"attribute":"document","value":"event-import-batches/{batchId}","operator":"match-path-pattern"}],"pubsubTopic":"projects/trials-of-venus/topics/eventarc-nam5-notifyeventimportbatch-660719-856","serviceAccountEmail":"460631177881-compute@developer.gserviceaccount.com","retryPolicy":"RETRY_POLICY_DO_NOT_RETRY"},"state":"ACTIVE","labels":{"deployment-tool":"cli-firebase","firebase-functions-codebase":"new-functions","firebase-functions-hash":"10817d94b1538eaf416804df25d6c54a2d9d2c22"},"environment":"GEN_2","url":"https://us-central1-trials-of-venus.cloudfunctions.net/notifyEventImportBatch","satisfiesPzi":true},"stages":[{"name":"BUILD","message":"Build in progress","state":"IN_PROGRESS","resource":"projects/460631177881/locations/us-central1/builds/907f85f3-b471-4c21-87ae-2d50dfbd511b","resourceUri":"https://console.cloud.google.com/cloud-build/builds;region=us-central1/907f85f3-b471-4c21-87ae-2d50dfbd511b?project=460631177881"},{"name":"SERVICE","state":"NOT_STARTED"},{"name":"TRIGGER","state":"NOT_STARTED"}],"operationType":"UPDATE_FUNCTION","buildName":"projects/460631177881/locations/us-central1/builds/907f85f3-b471-4c21-87ae-2d50dfbd511b"},"done":false}
[debug] [2026-08-19T18:49:17.209Z] [update-new-functions-us-central1-notifyEventImportBatch] Retrying task index 0
[debug] [2026-08-19T18:49:17.210Z] Checked if tokens are valid: true, expires at: 1787168503957
[debug] [2026-08-19T18:49:17.210Z] Checked if tokens are valid: true, expires at: 1787168503957
[debug] [2026-08-19T18:49:17.210Z] >>> [apiv2][query] GET https://cloudfunctions.googleapis.com/v2/projects/trials-of-venus/locations/us-central1/operations/operation-1787165348325-6596adbbde6a0-fc0e5532-32dd745f [none]
[debug] [2026-08-19T18:49:17.265Z] <<< [apiv2][status] GET https://cloudfunctions.googleapis.com/v2/projects/trials-of-venus/locations/us-central1/operations/operation-1787165348325-6596adbbde6a0-fc0e5532-32dd745f 200
[debug] [2026-08-19T18:49:17.265Z] <<< [apiv2][body] GET https://cloudfunctions.googleapis.com/v2/projects/trials-of-venus/locations/us-central1/operations/operation-1787165348325-6596adbbde6a0-fc0e5532-32dd745f {"name":"projects/trials-of-venus/locations/us-central1/operations/operation-1787165348325-6596adbbde6a0-fc0e5532-32dd745f","metadata":{"@type":"type.googleapis.com/google.cloud.functions.v2.OperationMetadata","createTime":"2026-08-19T18:49:09.285239964Z","target":"projects/trials-of-venus/locations/us-central1/functions/notifyEventImportBatch","verb":"update","cancelRequested":false,"apiVersion":"v2","requestResource":{"@type":"type.googleapis.com/google.cloud.functions.v2.Function","name":"projects/trials-of-venus/locations/us-central1/functions/notifyEventImportBatch","buildConfig":{"runtime":"nodejs22","entryPoint":"notifyEventImportBatch","source":{"storageSource":{"bucket":"gcf-v2-sources-460631177881-us-central1","object":"notifyEventImportBatch/function-source.zip","generation":"1787165349228146"}},"environmentVariables":{"GOOGLE_NODE_RUN_SCRIPTS":""},"dockerRepository":"projects/trials-of-venus/locations/us-central1/repositories/gcf-artifacts","sourceProvenance":{"resolvedStorageSource":{"bucket":"gcf-v2-sources-460631177881-us-central1","object":"notifyEventImportBatch/function-source.zip","generation":"1787164914647204"}},"dockerRegistry":"ARTIFACT_REGISTRY","serviceAccount":"projects/trials-of-venus/serviceAccounts/460631177881-compute@developer.gserviceaccount.com","automaticUpdatePolicy":{}},"serviceConfig":{"service":"projects/trials-of-venus/locations/us-central1/services/notifyeventimportbatch","timeoutSeconds":60,"environmentVariables":{"OPENROUTER_API_KEY":"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","FIREBASE_CONFIG":"{\"projectId\":\"trials-of-venus\",\"storageBucket\":\"trials-of-venus.firebasestorage.app\"}","GCLOUD_PROJECT":"trials-of-venus","EVENTARC_CLOUD_EVENT_SOURCE":"projects/trials-of-venus/locations/us-central1/services/notifyEventImportBatch","FUNCTION_SIGNATURE_TYPE":"cloudevent","FUNCTION_TARGET":"notifyEventImportBatch","LOG_EXECUTION_ID":"true"},"maxInstanceCount":10,"ingressSettings":"ALLOW_ALL","uri":"https://notifyeventimportbatch-mnj4u5xeaq-uc.a.run.app","serviceAccountEmail":"460631177881-compute@developer.gserviceaccount.com","availableMemory":"256Mi","allTrafficOnLatestRevision":true,"revision":"notifyeventimportbatch-00010-dok","maxInstanceRequestConcurrency":80,"availableCpu":"1"},"eventTrigger":{"trigger":"projects/trials-of-venus/locations/nam5/triggers/notifyeventimportbatch-660719","triggerRegion":"nam5","eventType":"google.cloud.firestore.document.v1.created","eventFilters":[{"attribute":"database","value":"(default)"},{"attribute":"namespace","value":"(default)"},{"attribute":"document","value":"event-import-batches/{batchId}","operator":"match-path-pattern"}],"pubsubTopic":"projects/trials-of-venus/topics/eventarc-nam5-notifyeventimportbatch-660719-856","serviceAccountEmail":"460631177881-compute@developer.gserviceaccount.com","retryPolicy":"RETRY_POLICY_DO_NOT_RETRY"},"state":"ACTIVE","labels":{"deployment-tool":"cli-firebase","firebase-functions-codebase":"new-functions","firebase-functions-hash":"10817d94b1538eaf416804df25d6c54a2d9d2c22"},"environment":"GEN_2","url":"https://us-central1-trials-of-venus.cloudfunctions.net/notifyEventImportBatch","satisfiesPzi":true},"stages":[{"name":"BUILD","message":"Build in progress","state":"IN_PROGRESS","resource":"projects/460631177881/locations/us-central1/builds/907f85f3-b471-4c21-87ae-2d50dfbd511b","resourceUri":"https://console.cloud.google.com/cloud-build/builds;region=us-central1/907f85f3-b471-4c21-87ae-2d50dfbd511b?project=460631177881"},{"name":"SERVICE","state":"NOT_STARTED"},{"name":"TRIGGER","state":"NOT_STARTED"}],"operationType":"UPDATE_FUNCTION","buildName":"projects/460631177881/locations/us-central1/builds/907f85f3-b471-4c21-87ae-2d50dfbd511b"},"done":false}
[debug] [2026-08-19T18:49:25.266Z] [update-new-functions-us-central1-notifyEventImportBatch] Retrying task index 0
[debug] [2026-08-19T18:49:25.267Z] Checked if tokens are valid: true, expires at: 1787168503957
[debug] [2026-08-19T18:49:25.268Z] Checked if tokens are valid: true, expires at: 1787168503957
[debug] [2026-08-19T18:49:25.268Z] >>> [apiv2][query] GET https://cloudfunctions.googleapis.com/v2/projects/trials-of-venus/locations/us-central1/operations/operation-1787165348325-6596adbbde6a0-fc0e5532-32dd745f [none]
[debug] [2026-08-19T18:49:25.370Z] <<< [apiv2][status] GET https://cloudfunctions.googleapis.com/v2/projects/trials-of-venus/locations/us-central1/operations/operation-1787165348325-6596adbbde6a0-fc0e5532-32dd745f 200
[debug] [2026-08-19T18:49:25.370Z] <<< [apiv2][body] GET https://cloudfunctions.googleapis.com/v2/projects/trials-of-venus/locations/us-central1/operations/operation-1787165348325-6596adbbde6a0-fc0e5532-32dd745f {"name":"projects/trials-of-venus/locations/us-central1/operations/operation-1787165348325-6596adbbde6a0-fc0e5532-32dd745f","metadata":{"@type":"type.googleapis.com/google.cloud.functions.v2.OperationMetadata","createTime":"2026-08-19T18:49:09.285239964Z","target":"projects/trials-of-venus/locations/us-central1/functions/notifyEventImportBatch","verb":"update","cancelRequested":false,"apiVersion":"v2","requestResource":{"@type":"type.googleapis.com/google.cloud.functions.v2.Function","name":"projects/trials-of-venus/locations/us-central1/functions/notifyEventImportBatch","buildConfig":{"runtime":"nodejs22","entryPoint":"notifyEventImportBatch","source":{"storageSource":{"bucket":"gcf-v2-sources-460631177881-us-central1","object":"notifyEventImportBatch/function-source.zip","generation":"1787165349228146"}},"environmentVariables":{"GOOGLE_NODE_RUN_SCRIPTS":""},"dockerRepository":"projects/trials-of-venus/locations/us-central1/repositories/gcf-artifacts","sourceProvenance":{"resolvedStorageSource":{"bucket":"gcf-v2-sources-460631177881-us-central1","object":"notifyEventImportBatch/function-source.zip","generation":"1787164914647204"}},"dockerRegistry":"ARTIFACT_REGISTRY","serviceAccount":"projects/trials-of-venus/serviceAccounts/460631177881-compute@developer.gserviceaccount.com","automaticUpdatePolicy":{}},"serviceConfig":{"service":"projects/trials-of-venus/locations/us-central1/services/notifyeventimportbatch","timeoutSeconds":60,"environmentVariables":{"OPENROUTER_API_KEY":"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","FIREBASE_CONFIG":"{\"projectId\":\"trials-of-venus\",\"storageBucket\":\"trials-of-venus.firebasestorage.app\"}","GCLOUD_PROJECT":"trials-of-venus","EVENTARC_CLOUD_EVENT_SOURCE":"projects/trials-of-venus/locations/us-central1/services/notifyEventImportBatch","FUNCTION_SIGNATURE_TYPE":"cloudevent","FUNCTION_TARGET":"notifyEventImportBatch","LOG_EXECUTION_ID":"true"},"maxInstanceCount":10,"ingressSettings":"ALLOW_ALL","uri":"https://notifyeventimportbatch-mnj4u5xeaq-uc.a.run.app","serviceAccountEmail":"460631177881-compute@developer.gserviceaccount.com","availableMemory":"256Mi","allTrafficOnLatestRevision":true,"revision":"notifyeventimportbatch-00010-dok","maxInstanceRequestConcurrency":80,"availableCpu":"1"},"eventTrigger":{"trigger":"projects/trials-of-venus/locations/nam5/triggers/notifyeventimportbatch-660719","triggerRegion":"nam5","eventType":"google.cloud.firestore.document.v1.created","eventFilters":[{"attribute":"database","value":"(default)"},{"attribute":"namespace","value":"(default)"},{"attribute":"document","value":"event-import-batches/{batchId}","operator":"match-path-pattern"}],"pubsubTopic":"projects/trials-of-venus/topics/eventarc-nam5-notifyeventimportbatch-660719-856","serviceAccountEmail":"460631177881-compute@developer.gserviceaccount.com","retryPolicy":"RETRY_POLICY_DO_NOT_RETRY"},"state":"ACTIVE","labels":{"deployment-tool":"cli-firebase","firebase-functions-codebase":"new-functions","firebase-functions-hash":"10817d94b1538eaf416804df25d6c54a2d9d2c22"},"environment":"GEN_2","url":"https://us-central1-trials-of-venus.cloudfunctions.net/notifyEventImportBatch","satisfiesPzi":true},"stages":[{"name":"BUILD","message":"Build in progress","state":"IN_PROGRESS","resource":"projects/460631177881/locations/us-central1/builds/907f85f3-b471-4c21-87ae-2d50dfbd511b","resourceUri":"https://console.cloud.google.com/cloud-build/builds;region=us-central1/907f85f3-b471-4c21-87ae-2d50dfbd511b?project=460631177881"},{"name":"SERVICE","state":"NOT_STARTED"},{"name":"TRIGGER","state":"NOT_STARTED"}],"operationType":"UPDATE_FUNCTION","buildName":"projects/460631177881/locations/us-central1/builds/907f85f3-b471-4c21-87ae-2d50dfbd511b"},"done":false}
[debug] [2026-08-19T18:49:35.375Z] [update-new-functions-us-central1-notifyEventImportBatch] Retrying task index 0
[debug] [2026-08-19T18:49:35.375Z] Checked if tokens are valid: true, expires at: 1787168503957
[debug] [2026-08-19T18:49:35.376Z] Checked if tokens are valid: true, expires at: 1787168503957
[debug] [2026-08-19T18:49:35.376Z] >>> [apiv2][query] GET https://cloudfunctions.googleapis.com/v2/projects/trials-of-venus/locations/us-central1/operations/operation-1787165348325-6596adbbde6a0-fc0e5532-32dd745f [none]
[debug] [2026-08-19T18:49:35.459Z] <<< [apiv2][status] GET https://cloudfunctions.googleapis.com/v2/projects/trials-of-venus/locations/us-central1/operations/operation-1787165348325-6596adbbde6a0-fc0e5532-32dd745f 200
[debug] [2026-08-19T18:49:35.460Z] <<< [apiv2][body] GET https://cloudfunctions.googleapis.com/v2/projects/trials-of-venus/locations/us-central1/operations/operation-1787165348325-6596adbbde6a0-fc0e5532-32dd745f {"name":"projects/trials-of-venus/locations/us-central1/operations/operation-1787165348325-6596adbbde6a0-fc0e5532-32dd745f","metadata":{"@type":"type.googleapis.com/google.cloud.functions.v2.OperationMetadata","createTime":"2026-08-19T18:49:09.285239964Z","target":"projects/trials-of-venus/locations/us-central1/functions/notifyEventImportBatch","verb":"update","cancelRequested":false,"apiVersion":"v2","requestResource":{"@type":"type.googleapis.com/google.cloud.functions.v2.Function","name":"projects/trials-of-venus/locations/us-central1/functions/notifyEventImportBatch","buildConfig":{"runtime":"nodejs22","entryPoint":"notifyEventImportBatch","source":{"storageSource":{"bucket":"gcf-v2-sources-460631177881-us-central1","object":"notifyEventImportBatch/function-source.zip","generation":"1787165349228146"}},"environmentVariables":{"GOOGLE_NODE_RUN_SCRIPTS":""},"dockerRepository":"projects/trials-of-venus/locations/us-central1/repositories/gcf-artifacts","sourceProvenance":{"resolvedStorageSource":{"bucket":"gcf-v2-sources-460631177881-us-central1","object":"notifyEventImportBatch/function-source.zip","generation":"1787164914647204"}},"dockerRegistry":"ARTIFACT_REGISTRY","serviceAccount":"projects/trials-of-venus/serviceAccounts/460631177881-compute@developer.gserviceaccount.com","automaticUpdatePolicy":{}},"serviceConfig":{"service":"projects/trials-of-venus/locations/us-central1/services/notifyeventimportbatch","timeoutSeconds":60,"environmentVariables":{"OPENROUTER_API_KEY":"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","FIREBASE_CONFIG":"{\"projectId\":\"trials-of-venus\",\"storageBucket\":\"trials-of-venus.firebasestorage.app\"}","GCLOUD_PROJECT":"trials-of-venus","EVENTARC_CLOUD_EVENT_SOURCE":"projects/trials-of-venus/locations/us-central1/services/notifyEventImportBatch","FUNCTION_SIGNATURE_TYPE":"cloudevent","FUNCTION_TARGET":"notifyEventImportBatch","LOG_EXECUTION_ID":"true"},"maxInstanceCount":10,"ingressSettings":"ALLOW_ALL","uri":"https://notifyeventimportbatch-mnj4u5xeaq-uc.a.run.app","serviceAccountEmail":"460631177881-compute@developer.gserviceaccount.com","availableMemory":"256Mi","allTrafficOnLatestRevision":true,"revision":"notifyeventimportbatch-00010-dok","maxInstanceRequestConcurrency":80,"availableCpu":"1"},"eventTrigger":{"trigger":"projects/trials-of-venus/locations/nam5/triggers/notifyeventimportbatch-660719","triggerRegion":"nam5","eventType":"google.cloud.firestore.document.v1.created","eventFilters":[{"attribute":"database","value":"(default)"},{"attribute":"namespace","value":"(default)"},{"attribute":"document","value":"event-import-batches/{batchId}","operator":"match-path-pattern"}],"pubsubTopic":"projects/trials-of-venus/topics/eventarc-nam5-notifyeventimportbatch-660719-856","serviceAccountEmail":"460631177881-compute@developer.gserviceaccount.com","retryPolicy":"RETRY_POLICY_DO_NOT_RETRY"},"state":"ACTIVE","labels":{"deployment-tool":"cli-firebase","firebase-functions-codebase":"new-functions","firebase-functions-hash":"10817d94b1538eaf416804df25d6c54a2d9d2c22"},"environment":"GEN_2","url":"https://us-central1-trials-of-venus.cloudfunctions.net/notifyEventImportBatch","satisfiesPzi":true},"stages":[{"name":"BUILD","message":"Build in progress","state":"IN_PROGRESS","resource":"projects/460631177881/locations/us-central1/builds/907f85f3-b471-4c21-87ae-2d50dfbd511b","resourceUri":"https://console.cloud.google.com/cloud-build/builds;region=us-central1/907f85f3-b471-4c21-87ae-2d50dfbd511b?project=460631177881"},{"name":"SERVICE","state":"NOT_STARTED"},{"name":"TRIGGER","state":"NOT_STARTED"}],"operationType":"UPDATE_FUNCTION","buildName":"projects/460631177881/locations/us-central1/builds/907f85f3-b471-4c21-87ae-2d50dfbd511b"},"done":false}
[debug] [2026-08-19T18:49:45.465Z] [update-new-functions-us-central1-notifyEventImportBatch] Retrying task index 0
[debug] [2026-08-19T18:49:45.466Z] Checked if tokens are valid: true, expires at: 1787168503957
[debug] [2026-08-19T18:49:45.466Z] Checked if tokens are valid: true, expires at: 1787168503957
[debug] [2026-08-19T18:49:45.467Z] >>> [apiv2][query] GET https://cloudfunctions.googleapis.com/v2/projects/trials-of-venus/locations/us-central1/operations/operation-1787165348325-6596adbbde6a0-fc0e5532-32dd745f [none]
[debug] [2026-08-19T18:49:45.561Z] <<< [apiv2][status] GET https://cloudfunctions.googleapis.com/v2/projects/trials-of-venus/locations/us-central1/operations/operation-1787165348325-6596adbbde6a0-fc0e5532-32dd745f 200
[debug] [2026-08-19T18:49:45.561Z] <<< [apiv2][body] GET https://cloudfunctions.googleapis.com/v2/projects/trials-of-venus/locations/us-central1/operations/operation-1787165348325-6596adbbde6a0-fc0e5532-32dd745f {"name":"projects/trials-of-venus/locations/us-central1/operations/operation-1787165348325-6596adbbde6a0-fc0e5532-32dd745f","metadata":{"@type":"type.googleapis.com/google.cloud.functions.v2.OperationMetadata","createTime":"2026-08-19T18:49:09.285239964Z","target":"projects/trials-of-venus/locations/us-central1/functions/notifyEventImportBatch","verb":"update","cancelRequested":false,"apiVersion":"v2","requestResource":{"@type":"type.googleapis.com/google.cloud.functions.v2.Function","name":"projects/trials-of-venus/locations/us-central1/functions/notifyEventImportBatch","buildConfig":{"runtime":"nodejs22","entryPoint":"notifyEventImportBatch","source":{"storageSource":{"bucket":"gcf-v2-sources-460631177881-us-central1","object":"notifyEventImportBatch/function-source.zip","generation":"1787165349228146"}},"environmentVariables":{"GOOGLE_NODE_RUN_SCRIPTS":""},"dockerRepository":"projects/trials-of-venus/locations/us-central1/repositories/gcf-artifacts","sourceProvenance":{"resolvedStorageSource":{"bucket":"gcf-v2-sources-460631177881-us-central1","object":"notifyEventImportBatch/function-source.zip","generation":"1787164914647204"}},"dockerRegistry":"ARTIFACT_REGISTRY","serviceAccount":"projects/trials-of-venus/serviceAccounts/460631177881-compute@developer.gserviceaccount.com","automaticUpdatePolicy":{}},"serviceConfig":{"service":"projects/trials-of-venus/locations/us-central1/services/notifyeventimportbatch","timeoutSeconds":60,"environmentVariables":{"OPENROUTER_API_KEY":"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","FIREBASE_CONFIG":"{\"projectId\":\"trials-of-venus\",\"storageBucket\":\"trials-of-venus.firebasestorage.app\"}","GCLOUD_PROJECT":"trials-of-venus","EVENTARC_CLOUD_EVENT_SOURCE":"projects/trials-of-venus/locations/us-central1/services/notifyEventImportBatch","FUNCTION_SIGNATURE_TYPE":"cloudevent","FUNCTION_TARGET":"notifyEventImportBatch","LOG_EXECUTION_ID":"true"},"maxInstanceCount":10,"ingressSettings":"ALLOW_ALL","uri":"https://notifyeventimportbatch-mnj4u5xeaq-uc.a.run.app","serviceAccountEmail":"460631177881-compute@developer.gserviceaccount.com","availableMemory":"256Mi","allTrafficOnLatestRevision":true,"revision":"notifyeventimportbatch-00010-dok","maxInstanceRequestConcurrency":80,"availableCpu":"1"},"eventTrigger":{"trigger":"projects/trials-of-venus/locations/nam5/triggers/notifyeventimportbatch-660719","triggerRegion":"nam5","eventType":"google.cloud.firestore.document.v1.created","eventFilters":[{"attribute":"database","value":"(default)"},{"attribute":"namespace","value":"(default)"},{"attribute":"document","value":"event-import-batches/{batchId}","operator":"match-path-pattern"}],"pubsubTopic":"projects/trials-of-venus/topics/eventarc-nam5-notifyeventimportbatch-660719-856","serviceAccountEmail":"460631177881-compute@developer.gserviceaccount.com","retryPolicy":"RETRY_POLICY_DO_NOT_RETRY"},"state":"ACTIVE","labels":{"deployment-tool":"cli-firebase","firebase-functions-codebase":"new-functions","firebase-functions-hash":"10817d94b1538eaf416804df25d6c54a2d9d2c22"},"environment":"GEN_2","url":"https://us-central1-trials-of-venus.cloudfunctions.net/notifyEventImportBatch","satisfiesPzi":true},"stages":[{"name":"BUILD","message":"Build in progress","state":"IN_PROGRESS","resource":"projects/460631177881/locations/us-central1/builds/907f85f3-b471-4c21-87ae-2d50dfbd511b","resourceUri":"https://console.cloud.google.com/cloud-build/builds;region=us-central1/907f85f3-b471-4c21-87ae-2d50dfbd511b?project=460631177881"},{"name":"SERVICE","state":"NOT_STARTED"},{"name":"TRIGGER","state":"NOT_STARTED"}],"operationType":"UPDATE_FUNCTION","buildName":"projects/460631177881/locations/us-central1/builds/907f85f3-b471-4c21-87ae-2d50dfbd511b"},"done":false}
